<?xml version="1.0" encoding="ISO-8859-1" ?>
<link_info>
   <banner>TI C29 Linker PC v2.0.0.STS</banner>
   <copyright>Copyright (c) 2020 Texas Instruments Incorporated</copyright>
   <command_line>C:\ti\ccs2020\ccs\tools\compiler\ti-cgt-c29_2.0.0.STS\bin\c29lnk -IC:\ti\ccs2020\ccs\tools\compiler\ti-cgt-c29_2.0.0.STS\lib -o TP1_PDSTR.out --cg_opt_level=0 -mTP1_PDSTR.map --heap_size=0x400 --stack_size=0x2000 -iC:/ti/f29h85x-sdk_1_02_01_00/source/driverlib/ccs -iC:/ti/f29h85x-sdk_1_02_01_00/source/flash_api/lib -iC:/ti/f29h85x-sdk_1_02_01_00/source/calibration/hrpwm/lib -iC:/ti/f29h85x-sdk_1_02_01_00/source/security/ccs -iC:/ti/f29h85x-sdk_1_02_01_00/source/kernel/nortos/ccs -iC:/ti/f29h85x-sdk_1_02_01_00/source/sdl/ccs -iC:/ti/ccs2020/ccs/tools/compiler/ti-cgt-c29_2.0.0.STS/lib --reread_libs --diag_suppress=10325-D --diag_suppress=10063-D --diag_wrap=off --display_error_number --warn_sections --xml_link_info=TP1_PDSTR_linkInfo.xml --rom_model ./syscfg/board.o ./syscfg/device.o ./syscfg/ti_drivers_config.o ./syscfg/ti_dpl_config.o ./TP_dds.o ./TP_sine_table.o ./main.o ./Link/Link.o ./Link/Link_Func.o ./device/bitfield_structs.o ./device/codestartbranch.o ../f29h85x_ram_lnk.cmd -ldriverlib.lib -lsfo.lib -lF29H85x_NWFlashAPI_v21.00.00.00.lib -lsecurity_drivers.lib -ldpl_nortos.lib -lsdl_debug.lib --start-group -llibc++.a -llibc++abi.a -llibc.a -llibsys.a -llibsysbm.a -llibclang_rt.builtins.a -llibclang_rt.profile.a --end-group</command_line>
   <link_time>0x68f6d0e6</link_time>
   <link_errors>0x0</link_errors>
   <output_file>C:\Users\Silicium Lab\workspace_ccstheia\TP1_PDSTR\RAM\TP1_PDSTR.out</output_file>
   <entry_point>
      <name>code_start</name>
      <address>0x20100000</address>
   </entry_point>
   <input_file_list>
      <input_file id="fl-1">
         <path>C:\Users\Silicium Lab\workspace_ccstheia\TP1_PDSTR\RAM\.\syscfg\</path>
         <kind>object</kind>
         <file>board.o</file>
         <name>board.o</name>
      </input_file>
      <input_file id="fl-2">
         <path>C:\Users\Silicium Lab\workspace_ccstheia\TP1_PDSTR\RAM\.\syscfg\</path>
         <kind>object</kind>
         <file>device.o</file>
         <name>device.o</name>
      </input_file>
      <input_file id="fl-3">
         <path>C:\Users\Silicium Lab\workspace_ccstheia\TP1_PDSTR\RAM\.\syscfg\</path>
         <kind>object</kind>
         <file>ti_drivers_config.o</file>
         <name>ti_drivers_config.o</name>
      </input_file>
      <input_file id="fl-4">
         <path>C:\Users\Silicium Lab\workspace_ccstheia\TP1_PDSTR\RAM\.\syscfg\</path>
         <kind>object</kind>
         <file>ti_dpl_config.o</file>
         <name>ti_dpl_config.o</name>
      </input_file>
      <input_file id="fl-5">
         <path>C:\Users\Silicium Lab\workspace_ccstheia\TP1_PDSTR\RAM\.\</path>
         <kind>object</kind>
         <file>TP_dds.o</file>
         <name>TP_dds.o</name>
      </input_file>
      <input_file id="fl-6">
         <path>C:\Users\Silicium Lab\workspace_ccstheia\TP1_PDSTR\RAM\.\</path>
         <kind>object</kind>
         <file>TP_sine_table.o</file>
         <name>TP_sine_table.o</name>
      </input_file>
      <input_file id="fl-7">
         <path>C:\Users\Silicium Lab\workspace_ccstheia\TP1_PDSTR\RAM\.\</path>
         <kind>object</kind>
         <file>main.o</file>
         <name>main.o</name>
      </input_file>
      <input_file id="fl-8">
         <path>C:\Users\Silicium Lab\workspace_ccstheia\TP1_PDSTR\RAM\.\Link\</path>
         <kind>object</kind>
         <file>Link.o</file>
         <name>Link.o</name>
      </input_file>
      <input_file id="fl-9">
         <path>C:\Users\Silicium Lab\workspace_ccstheia\TP1_PDSTR\RAM\.\Link\</path>
         <kind>object</kind>
         <file>Link_Func.o</file>
         <name>Link_Func.o</name>
      </input_file>
      <input_file id="fl-a">
         <path>C:\Users\Silicium Lab\workspace_ccstheia\TP1_PDSTR\RAM\.\device\</path>
         <kind>object</kind>
         <file>bitfield_structs.o</file>
         <name>bitfield_structs.o</name>
      </input_file>
      <input_file id="fl-b">
         <path>C:\Users\Silicium Lab\workspace_ccstheia\TP1_PDSTR\RAM\.\device\</path>
         <kind>object</kind>
         <file>codestartbranch.o</file>
         <name>codestartbranch.o</name>
      </input_file>
      <input_file id="fl-1b">
         <path>C:\Users\Silicium Lab\workspace_ccstheia\TP1_PDSTR\RAM\</path>
         <kind>object</kind>
         <file>&lt;internal&gt;</file>
         <name>&lt;internal&gt;</name>
      </input_file>
      <input_file id="fl-1c">
         <path>C:\ti\f29h85x-sdk_1_02_01_00\source\driverlib\ccs\</path>
         <kind>archive</kind>
         <file>driverlib.lib</file>
         <name>adc.o</name>
      </input_file>
      <input_file id="fl-1d">
         <path>C:\ti\f29h85x-sdk_1_02_01_00\source\driverlib\ccs\</path>
         <kind>archive</kind>
         <file>driverlib.lib</file>
         <name>bootrom.o</name>
      </input_file>
      <input_file id="fl-1e">
         <path>C:\ti\f29h85x-sdk_1_02_01_00\source\driverlib\ccs\</path>
         <kind>archive</kind>
         <file>driverlib.lib</file>
         <name>cputimer.o</name>
      </input_file>
      <input_file id="fl-1f">
         <path>C:\ti\f29h85x-sdk_1_02_01_00\source\driverlib\ccs\</path>
         <kind>archive</kind>
         <file>driverlib.lib</file>
         <name>dcc.o</name>
      </input_file>
      <input_file id="fl-20">
         <path>C:\ti\f29h85x-sdk_1_02_01_00\source\driverlib\ccs\</path>
         <kind>archive</kind>
         <file>driverlib.lib</file>
         <name>epwm.o</name>
      </input_file>
      <input_file id="fl-21">
         <path>C:\ti\f29h85x-sdk_1_02_01_00\source\driverlib\ccs\</path>
         <kind>archive</kind>
         <file>driverlib.lib</file>
         <name>erad.o</name>
      </input_file>
      <input_file id="fl-22">
         <path>C:\ti\f29h85x-sdk_1_02_01_00\source\driverlib\ccs\</path>
         <kind>archive</kind>
         <file>driverlib.lib</file>
         <name>gpio.o</name>
      </input_file>
      <input_file id="fl-23">
         <path>C:\ti\f29h85x-sdk_1_02_01_00\source\driverlib\ccs\</path>
         <kind>archive</kind>
         <file>driverlib.lib</file>
         <name>interrupt.o</name>
      </input_file>
      <input_file id="fl-24">
         <path>C:\ti\f29h85x-sdk_1_02_01_00\source\driverlib\ccs\</path>
         <kind>archive</kind>
         <file>driverlib.lib</file>
         <name>sysctl.o</name>
      </input_file>
      <input_file id="fl-25">
         <path>C:\ti\f29h85x-sdk_1_02_01_00\source\driverlib\ccs\</path>
         <kind>archive</kind>
         <file>driverlib.lib</file>
         <name>uart.o</name>
      </input_file>
      <input_file id="fl-26">
         <path>C:\ti\f29h85x-sdk_1_02_01_00\source\driverlib\ccs\</path>
         <kind>archive</kind>
         <file>driverlib.lib</file>
         <name>xbar.o</name>
      </input_file>
      <input_file id="fl-27">
         <path>C:\ti\f29h85x-sdk_1_02_01_00\source\driverlib\ccs\</path>
         <kind>archive</kind>
         <file>driverlib.lib</file>
         <name>erroraggregator.o</name>
      </input_file>
      <input_file id="fl-41">
         <path>C:\ti\ccs2020\ccs\tools\compiler\ti-cgt-c29_2.0.0.STS\lib\c29.c0-ti-none-eabi\c\</path>
         <kind>archive</kind>
         <file>libc.a</file>
         <name>sprintf.c.obj</name>
      </input_file>
      <input_file id="fl-42">
         <path>C:\ti\ccs2020\ccs\tools\compiler\ti-cgt-c29_2.0.0.STS\lib\c29.c0-ti-none-eabi\c\</path>
         <kind>archive</kind>
         <file>libc.a</file>
         <name>fputc.c.obj</name>
      </input_file>
      <input_file id="fl-43">
         <path>C:\ti\ccs2020\ccs\tools\compiler\ti-cgt-c29_2.0.0.STS\lib\c29.c0-ti-none-eabi\c\</path>
         <kind>archive</kind>
         <file>libc.a</file>
         <name>_io_perm.c.obj</name>
      </input_file>
      <input_file id="fl-44">
         <path>C:\ti\ccs2020\ccs\tools\compiler\ti-cgt-c29_2.0.0.STS\lib\c29.c0-ti-none-eabi\c\</path>
         <kind>archive</kind>
         <file>libc.a</file>
         <name>setvbuf.c.obj</name>
      </input_file>
      <input_file id="fl-45">
         <path>C:\ti\ccs2020\ccs\tools\compiler\ti-cgt-c29_2.0.0.STS\lib\c29.c0-ti-none-eabi\c\</path>
         <kind>archive</kind>
         <file>libc.a</file>
         <name>memcpy.S.obj</name>
      </input_file>
      <input_file id="fl-46">
         <path>C:\ti\ccs2020\ccs\tools\compiler\ti-cgt-c29_2.0.0.STS\lib\c29.c0-ti-none-eabi\c\</path>
         <kind>archive</kind>
         <file>libc.a</file>
         <name>exit.c.obj</name>
      </input_file>
      <input_file id="fl-47">
         <path>C:\ti\ccs2020\ccs\tools\compiler\ti-cgt-c29_2.0.0.STS\lib\c29.c0-ti-none-eabi\c\</path>
         <kind>archive</kind>
         <file>libc.a</file>
         <name>_lock.c.obj</name>
      </input_file>
      <input_file id="fl-48">
         <path>C:\ti\ccs2020\ccs\tools\compiler\ti-cgt-c29_2.0.0.STS\lib\c29.c0-ti-none-eabi\c\</path>
         <kind>archive</kind>
         <file>libc.a</file>
         <name>defs.c.obj</name>
      </input_file>
      <input_file id="fl-49">
         <path>C:\ti\ccs2020\ccs\tools\compiler\ti-cgt-c29_2.0.0.STS\lib\c29.c0-ti-none-eabi\c\</path>
         <kind>archive</kind>
         <file>libc.a</file>
         <name>isdigit.c.obj</name>
      </input_file>
      <input_file id="fl-4a">
         <path>C:\ti\ccs2020\ccs\tools\compiler\ti-cgt-c29_2.0.0.STS\lib\c29.c0-ti-none-eabi\c\</path>
         <kind>archive</kind>
         <file>libc.a</file>
         <name>isxdigit.c.obj</name>
      </input_file>
      <input_file id="fl-4b">
         <path>C:\ti\ccs2020\ccs\tools\compiler\ti-cgt-c29_2.0.0.STS\lib\c29.c0-ti-none-eabi\c\</path>
         <kind>archive</kind>
         <file>libc.a</file>
         <name>memory.c.obj</name>
      </input_file>
      <input_file id="fl-4c">
         <path>C:\ti\ccs2020\ccs\tools\compiler\ti-cgt-c29_2.0.0.STS\lib\c29.c0-ti-none-eabi\c\</path>
         <kind>archive</kind>
         <file>libc.a</file>
         <name>memset.c.obj</name>
      </input_file>
      <input_file id="fl-4d">
         <path>C:\ti\ccs2020\ccs\tools\compiler\ti-cgt-c29_2.0.0.STS\lib\c29.c0-ti-none-eabi\c\</path>
         <kind>archive</kind>
         <file>libc.a</file>
         <name>boot.c.obj</name>
      </input_file>
      <input_file id="fl-4e">
         <path>C:\ti\ccs2020\ccs\tools\compiler\ti-cgt-c29_2.0.0.STS\lib\c29.c0-ti-none-eabi\c\</path>
         <kind>archive</kind>
         <file>libc.a</file>
         <name>autoinit.c.obj</name>
      </input_file>
      <input_file id="fl-4f">
         <path>C:\ti\ccs2020\ccs\tools\compiler\ti-cgt-c29_2.0.0.STS\lib\c29.c0-ti-none-eabi\c\</path>
         <kind>archive</kind>
         <file>libc.a</file>
         <name>pre_init.c.obj</name>
      </input_file>
      <input_file id="fl-50">
         <path>C:\ti\ccs2020\ccs\tools\compiler\ti-cgt-c29_2.0.0.STS\lib\c29.c0-ti-none-eabi\c\</path>
         <kind>archive</kind>
         <file>libc.a</file>
         <name>startup.c.obj</name>
      </input_file>
      <input_file id="fl-51">
         <path>C:\ti\ccs2020\ccs\tools\compiler\ti-cgt-c29_2.0.0.STS\lib\c29.c0-ti-none-eabi\c\</path>
         <kind>archive</kind>
         <file>libc.a</file>
         <name>cpy_tbl.c.obj</name>
      </input_file>
      <input_file id="fl-52">
         <path>C:\ti\ccs2020\ccs\tools\compiler\ti-cgt-c29_2.0.0.STS\lib\c29.c0-ti-none-eabi\c\</path>
         <kind>archive</kind>
         <file>libc.a</file>
         <name>copy_zero_init.c.obj</name>
      </input_file>
      <input_file id="fl-53">
         <path>C:\ti\ccs2020\ccs\tools\compiler\ti-cgt-c29_2.0.0.STS\lib\c29.c0-ti-none-eabi\c\</path>
         <kind>archive</kind>
         <file>libc.a</file>
         <name>copy_decompress_none.c.obj</name>
      </input_file>
      <input_file id="fl-54">
         <path>C:\ti\ccs2020\ccs\tools\compiler\ti-cgt-c29_2.0.0.STS\lib\c29.c0-ti-none-eabi\c\</path>
         <kind>archive</kind>
         <file>libc.a</file>
         <name>copy_decompress_lzss.c.obj</name>
      </input_file>
      <input_file id="fl-55">
         <path>C:\ti\ccs2020\ccs\tools\compiler\ti-cgt-c29_2.0.0.STS\lib\c29.c0-ti-none-eabi\c\</path>
         <kind>archive</kind>
         <file>libc.a</file>
         <name>_printfi.c.obj</name>
      </input_file>
      <input_file id="fl-56">
         <path>C:\ti\ccs2020\ccs\tools\compiler\ti-cgt-c29_2.0.0.STS\lib\c29.c0-ti-none-eabi\c\</path>
         <kind>archive</kind>
         <file>libc.a</file>
         <name>fflush.c.obj</name>
      </input_file>
      <input_file id="fl-57">
         <path>C:\ti\ccs2020\ccs\tools\compiler\ti-cgt-c29_2.0.0.STS\lib\c29.c0-ti-none-eabi\c\</path>
         <kind>archive</kind>
         <file>libc.a</file>
         <name>fopen.c.obj</name>
      </input_file>
      <input_file id="fl-58">
         <path>C:\ti\ccs2020\ccs\tools\compiler\ti-cgt-c29_2.0.0.STS\lib\c29.c0-ti-none-eabi\c\</path>
         <kind>archive</kind>
         <file>libc.a</file>
         <name>fseek.c.obj</name>
      </input_file>
      <input_file id="fl-59">
         <path>C:\ti\ccs2020\ccs\tools\compiler\ti-cgt-c29_2.0.0.STS\lib\c29.c0-ti-none-eabi\c\</path>
         <kind>archive</kind>
         <file>libc.a</file>
         <name>_ltoa.c.obj</name>
      </input_file>
      <input_file id="fl-5a">
         <path>C:\ti\ccs2020\ccs\tools\compiler\ti-cgt-c29_2.0.0.STS\lib\c29.c0-ti-none-eabi\c\</path>
         <kind>archive</kind>
         <file>libc.a</file>
         <name>args_main.c.obj</name>
      </input_file>
      <input_file id="fl-5b">
         <path>C:\ti\ccs2020\ccs\tools\compiler\ti-cgt-c29_2.0.0.STS\lib\c29.c0-ti-none-eabi\c\</path>
         <kind>archive</kind>
         <file>libc.a</file>
         <name>atoi.c.obj</name>
      </input_file>
      <input_file id="fl-5c">
         <path>C:\ti\ccs2020\ccs\tools\compiler\ti-cgt-c29_2.0.0.STS\lib\c29.c0-ti-none-eabi\c\</path>
         <kind>archive</kind>
         <file>libc.a</file>
         <name>ctype.c.obj</name>
      </input_file>
      <input_file id="fl-5d">
         <path>C:\ti\ccs2020\ccs\tools\compiler\ti-cgt-c29_2.0.0.STS\lib\c29.c0-ti-none-eabi\c\</path>
         <kind>archive</kind>
         <file>libc.a</file>
         <name>memccpy.c.obj</name>
      </input_file>
      <input_file id="fl-5e">
         <path>C:\ti\ccs2020\ccs\tools\compiler\ti-cgt-c29_2.0.0.STS\lib\c29.c0-ti-none-eabi\c\</path>
         <kind>archive</kind>
         <file>libc.a</file>
         <name>errno.c.obj</name>
      </input_file>
      <input_file id="fl-5f">
         <path>C:\ti\ccs2020\ccs\tools\compiler\ti-cgt-c29_2.0.0.STS\lib\c29.c0-ti-none-eabi\c\</path>
         <kind>archive</kind>
         <file>libc.a</file>
         <name>s_frexp.c.obj</name>
      </input_file>
      <input_file id="fl-60">
         <path>C:\ti\ccs2020\ccs\tools\compiler\ti-cgt-c29_2.0.0.STS\lib\c29.c0-ti-none-eabi\c\</path>
         <kind>archive</kind>
         <file>libc.a</file>
         <name>s_scalbn.c.obj</name>
      </input_file>
      <input_file id="fl-61">
         <path>C:\ti\ccs2020\ccs\tools\compiler\ti-cgt-c29_2.0.0.STS\lib\c29.c0-ti-none-eabi\c\</path>
         <kind>archive</kind>
         <file>libc.a</file>
         <name>wcslen.c.obj</name>
      </input_file>
      <input_file id="fl-62">
         <path>C:\ti\ccs2020\ccs\tools\compiler\ti-cgt-c29_2.0.0.STS\lib\c29.c0-ti-none-eabi\c\</path>
         <kind>archive</kind>
         <file>libc.a</file>
         <name>fclose.c.obj</name>
      </input_file>
      <input_file id="fl-63">
         <path>C:\ti\ccs2020\ccs\tools\compiler\ti-cgt-c29_2.0.0.STS\lib\c29.c0-ti-none-eabi\c\</path>
         <kind>archive</kind>
         <file>libsysbm.a</file>
         <name>write.c.obj</name>
      </input_file>
      <input_file id="fl-64">
         <path>C:\ti\ccs2020\ccs\tools\compiler\ti-cgt-c29_2.0.0.STS\lib\c29.c0-ti-none-eabi\c\</path>
         <kind>archive</kind>
         <file>libsysbm.a</file>
         <name>host_device.c.obj</name>
      </input_file>
      <input_file id="fl-65">
         <path>C:\ti\ccs2020\ccs\tools\compiler\ti-cgt-c29_2.0.0.STS\lib\c29.c0-ti-none-eabi\c\</path>
         <kind>archive</kind>
         <file>libsysbm.a</file>
         <name>remove.c.obj</name>
      </input_file>
      <input_file id="fl-66">
         <path>C:\ti\ccs2020\ccs\tools\compiler\ti-cgt-c29_2.0.0.STS\lib\c29.c0-ti-none-eabi\c\</path>
         <kind>archive</kind>
         <file>libsysbm.a</file>
         <name>open.c.obj</name>
      </input_file>
      <input_file id="fl-67">
         <path>C:\ti\ccs2020\ccs\tools\compiler\ti-cgt-c29_2.0.0.STS\lib\c29.c0-ti-none-eabi\c\</path>
         <kind>archive</kind>
         <file>libsysbm.a</file>
         <name>lseek.c.obj</name>
      </input_file>
      <input_file id="fl-68">
         <path>C:\ti\ccs2020\ccs\tools\compiler\ti-cgt-c29_2.0.0.STS\lib\c29.c0-ti-none-eabi\c\</path>
         <kind>archive</kind>
         <file>libsysbm.a</file>
         <name>close.c.obj</name>
      </input_file>
      <input_file id="fl-69">
         <path>C:\ti\ccs2020\ccs\tools\compiler\ti-cgt-c29_2.0.0.STS\lib\c29.c0-ti-none-eabi\c\</path>
         <kind>archive</kind>
         <file>libsysbm.a</file>
         <name>unlink.c.obj</name>
      </input_file>
      <input_file id="fl-6a">
         <path>C:\ti\ccs2020\ccs\tools\compiler\ti-cgt-c29_2.0.0.STS\lib\c29.c0-ti-none-eabi\c\</path>
         <kind>archive</kind>
         <file>libsysbm.a</file>
         <name>hostclose.c.obj</name>
      </input_file>
      <input_file id="fl-6b">
         <path>C:\ti\ccs2020\ccs\tools\compiler\ti-cgt-c29_2.0.0.STS\lib\c29.c0-ti-none-eabi\c\</path>
         <kind>archive</kind>
         <file>libsysbm.a</file>
         <name>hostlseek.c.obj</name>
      </input_file>
      <input_file id="fl-6c">
         <path>C:\ti\ccs2020\ccs\tools\compiler\ti-cgt-c29_2.0.0.STS\lib\c29.c0-ti-none-eabi\c\</path>
         <kind>archive</kind>
         <file>libsysbm.a</file>
         <name>hostopen.c.obj</name>
      </input_file>
      <input_file id="fl-6d">
         <path>C:\ti\ccs2020\ccs\tools\compiler\ti-cgt-c29_2.0.0.STS\lib\c29.c0-ti-none-eabi\c\</path>
         <kind>archive</kind>
         <file>libsysbm.a</file>
         <name>hostread.c.obj</name>
      </input_file>
      <input_file id="fl-6e">
         <path>C:\ti\ccs2020\ccs\tools\compiler\ti-cgt-c29_2.0.0.STS\lib\c29.c0-ti-none-eabi\c\</path>
         <kind>archive</kind>
         <file>libsysbm.a</file>
         <name>hostrename.c.obj</name>
      </input_file>
      <input_file id="fl-6f">
         <path>C:\ti\ccs2020\ccs\tools\compiler\ti-cgt-c29_2.0.0.STS\lib\c29.c0-ti-none-eabi\c\</path>
         <kind>archive</kind>
         <file>libsysbm.a</file>
         <name>hostunlink.c.obj</name>
      </input_file>
      <input_file id="fl-70">
         <path>C:\ti\ccs2020\ccs\tools\compiler\ti-cgt-c29_2.0.0.STS\lib\c29.c0-ti-none-eabi\c\</path>
         <kind>archive</kind>
         <file>libsysbm.a</file>
         <name>hostwrite.c.obj</name>
      </input_file>
      <input_file id="fl-71">
         <path>C:\ti\ccs2020\ccs\tools\compiler\ti-cgt-c29_2.0.0.STS\lib\c29.c0-ti-none-eabi\c\</path>
         <kind>archive</kind>
         <file>libsysbm.a</file>
         <name>trgmsg.c.obj</name>
      </input_file>
      <input_file id="fl-72">
         <path>C:\ti\ccs2020\ccs\tools\compiler\ti-cgt-c29_2.0.0.STS\lib\c29.c0-ti-none-eabi\</path>
         <kind>archive</kind>
         <file>libclang_rt.builtins.a</file>
         <name>adddf3.c.obj</name>
      </input_file>
      <input_file id="fl-73">
         <path>C:\ti\ccs2020\ccs\tools\compiler\ti-cgt-c29_2.0.0.STS\lib\c29.c0-ti-none-eabi\</path>
         <kind>archive</kind>
         <file>libclang_rt.builtins.a</file>
         <name>comparedf2.c.obj</name>
      </input_file>
      <input_file id="fl-74">
         <path>C:\ti\ccs2020\ccs\tools\compiler\ti-cgt-c29_2.0.0.STS\lib\c29.c0-ti-none-eabi\</path>
         <kind>archive</kind>
         <file>libclang_rt.builtins.a</file>
         <name>divdf3.c.obj</name>
      </input_file>
      <input_file id="fl-75">
         <path>C:\ti\ccs2020\ccs\tools\compiler\ti-cgt-c29_2.0.0.STS\lib\c29.c0-ti-none-eabi\</path>
         <kind>archive</kind>
         <file>libclang_rt.builtins.a</file>
         <name>fixdfsi.c.obj</name>
      </input_file>
      <input_file id="fl-76">
         <path>C:\ti\ccs2020\ccs\tools\compiler\ti-cgt-c29_2.0.0.STS\lib\c29.c0-ti-none-eabi\</path>
         <kind>archive</kind>
         <file>libclang_rt.builtins.a</file>
         <name>fp_mode.c.obj</name>
      </input_file>
      <input_file id="fl-77">
         <path>C:\ti\ccs2020\ccs\tools\compiler\ti-cgt-c29_2.0.0.STS\lib\c29.c0-ti-none-eabi\</path>
         <kind>archive</kind>
         <file>libclang_rt.builtins.a</file>
         <name>muldf3.c.obj</name>
      </input_file>
      <input_file id="fl-78">
         <path>C:\ti\ccs2020\ccs\tools\compiler\ti-cgt-c29_2.0.0.STS\lib\c29.c0-ti-none-eabi\</path>
         <kind>archive</kind>
         <file>libclang_rt.builtins.a</file>
         <name>subdf3.c.obj</name>
      </input_file>
      <input_file id="fl-79">
         <path>C:\ti\ccs2020\ccs\tools\compiler\ti-cgt-c29_2.0.0.STS\lib\c29.c0-ti-none-eabi\</path>
         <kind>archive</kind>
         <file>libclang_rt.builtins.a</file>
         <name>divsf3.c.obj</name>
      </input_file>
      <input_file id="fl-7a">
         <path>C:\ti\ccs2020\ccs\tools\compiler\ti-cgt-c29_2.0.0.STS\lib\c29.c0-ti-none-eabi\</path>
         <kind>archive</kind>
         <file>libclang_rt.builtins.a</file>
         <name>udivdi3.c.obj</name>
      </input_file>
      <input_file id="fl-7b">
         <path>C:\ti\ccs2020\ccs\tools\compiler\ti-cgt-c29_2.0.0.STS\lib\c29.c0-ti-none-eabi\</path>
         <kind>archive</kind>
         <file>libclang_rt.builtins.a</file>
         <name>udivsi3.c.obj</name>
      </input_file>
      <input_file id="fl-7c">
         <path>C:\ti\ccs2020\ccs\tools\compiler\ti-cgt-c29_2.0.0.STS\lib\c29.c0-ti-none-eabi\c\</path>
         <kind>archive</kind>
         <file>libc.a</file>
         <name>getdevice.c.obj</name>
      </input_file>
   </input_file_list>
   <object_component_list>
      <object_component id="oc-22">
         <name>codestart</name>
         <load_address>0x20100000</load_address>
         <readonly>true</readonly>
         <executable>true</executable>
         <run_address>0x20100000</run_address>
         <size>0x1e</size>
         <alignment>0x10</alignment>
         <input_file_ref idref="fl-b"/>
      </object_component>
      <object_component id="oc-22a">
         <name>.text:__TI_printfi_nofloat</name>
         <load_address>0x20100020</load_address>
         <readonly>true</readonly>
         <executable>true</executable>
         <run_address>0x20100020</run_address>
         <size>0x1222</size>
         <alignment>0x10</alignment>
         <input_file_ref idref="fl-55"/>
      </object_component>
      <object_component id="oc-f0">
         <name>.text.link2.SysCtl_setClock</name>
         <load_address>0x20101250</load_address>
         <readonly>true</readonly>
         <executable>true</executable>
         <run_address>0x20101250</run_address>
         <size>0x7de</size>
         <alignment>0x10</alignment>
         <input_file_ref idref="fl-24"/>
      </object_component>
      <object_component id="oc-162">
         <name>.text.SysCtl_isPLLValid</name>
         <load_address>0x20101a30</load_address>
         <readonly>true</readonly>
         <executable>true</executable>
         <run_address>0x20101a30</run_address>
         <size>0x6f4</size>
         <alignment>0x10</alignment>
         <input_file_ref idref="fl-24"/>
      </object_component>
      <object_component id="oc-19">
         <name>.text:decompress:lzss</name>
         <load_address>0x20102130</load_address>
         <readonly>true</readonly>
         <executable>true</executable>
         <run_address>0x20102130</run_address>
         <size>0x610</size>
         <alignment>0x10</alignment>
         <input_file_ref idref="fl-54"/>
      </object_component>
      <object_component id="oc-a7">
         <name>.text.Device_enableAllPeripherals</name>
         <load_address>0x20102740</load_address>
         <readonly>true</readonly>
         <executable>true</executable>
         <run_address>0x20102740</run_address>
         <size>0x4f6</size>
         <alignment>0x10</alignment>
         <input_file_ref idref="fl-2"/>
      </object_component>
      <object_component id="oc-221">
         <name>.text.EPWM_isBaseValid</name>
         <load_address>0x20102c40</load_address>
         <readonly>true</readonly>
         <executable>true</executable>
         <run_address>0x20102c40</run_address>
         <size>0x440</size>
         <alignment>0x10</alignment>
         <input_file_ref idref="fl-9"/>
      </object_component>
      <object_component id="oc-18c">
         <name>.text.EPWM_isBaseValid</name>
         <load_address>0x20103080</load_address>
         <readonly>true</readonly>
         <executable>true</executable>
         <run_address>0x20103080</run_address>
         <size>0x440</size>
         <alignment>0x10</alignment>
         <input_file_ref idref="fl-1"/>
      </object_component>
      <object_component id="oc-1e1">
         <name>.text.EPWM_isBaseValid</name>
         <load_address>0x201034c0</load_address>
         <readonly>true</readonly>
         <executable>true</executable>
         <run_address>0x201034c0</run_address>
         <size>0x440</size>
         <alignment>0x10</alignment>
         <input_file_ref idref="fl-7"/>
      </object_component>
      <object_component id="oc-bb">
         <name>.text.EPWM_init</name>
         <load_address>0x20103900</load_address>
         <readonly>true</readonly>
         <executable>true</executable>
         <run_address>0x20103900</run_address>
         <size>0x320</size>
         <alignment>0x10</alignment>
         <input_file_ref idref="fl-1"/>
      </object_component>
      <object_component id="oc-1a8">
         <name>.text.LINK_ProcessFrame</name>
         <load_address>0x20103c20</load_address>
         <readonly>true</readonly>
         <executable>true</executable>
         <run_address>0x20103c20</run_address>
         <size>0x2ec</size>
         <alignment>0x10</alignment>
         <input_file_ref idref="fl-8"/>
      </object_component>
      <object_component id="oc-a6">
         <name>.text.CLOCK_init</name>
         <load_address>0x20103f10</load_address>
         <readonly>true</readonly>
         <executable>true</executable>
         <run_address>0x20103f10</run_address>
         <size>0x2d6</size>
         <alignment>0x10</alignment>
         <input_file_ref idref="fl-2"/>
      </object_component>
      <object_component id="oc-12b">
         <name>.text.EPWM_setADCTriggerSource</name>
         <load_address>0x201041f0</load_address>
         <readonly>true</readonly>
         <executable>true</executable>
         <run_address>0x201041f0</run_address>
         <size>0x2ca</size>
         <alignment>0x10</alignment>
         <input_file_ref idref="fl-1"/>
      </object_component>
      <object_component id="oc-220">
         <name>.text.hex_to_u32_be</name>
         <load_address>0x201044c0</load_address>
         <readonly>true</readonly>
         <executable>true</executable>
         <run_address>0x201044c0</run_address>
         <size>0x2a6</size>
         <alignment>0x10</alignment>
         <input_file_ref idref="fl-8"/>
      </object_component>
      <object_component id="oc-141">
         <name>.text.INT_ePWM_OUT_ISR</name>
         <load_address>0x20104770</load_address>
         <readonly>true</readonly>
         <executable>true</executable>
         <run_address>0x20104770</run_address>
         <size>0x254</size>
         <alignment>0x10</alignment>
         <input_file_ref idref="fl-7"/>
      </object_component>
      <object_component id="oc-61">
         <name>.text.main</name>
         <load_address>0x201049d0</load_address>
         <readonly>true</readonly>
         <executable>true</executable>
         <run_address>0x201049d0</run_address>
         <size>0x234</size>
         <alignment>0x10</alignment>
         <input_file_ref idref="fl-7"/>
      </object_component>
      <object_component id="oc-192">
         <name>.text.UART_setConfig</name>
         <load_address>0x20104c10</load_address>
         <readonly>true</readonly>
         <executable>true</executable>
         <run_address>0x20104c10</run_address>
         <size>0x228</size>
         <alignment>0x10</alignment>
         <input_file_ref idref="fl-25"/>
      </object_component>
      <object_component id="oc-135">
         <name>.text.EPWM_setInterruptSource</name>
         <load_address>0x20104e40</load_address>
         <readonly>true</readonly>
         <executable>true</executable>
         <run_address>0x20104e40</run_address>
         <size>0x206</size>
         <alignment>0x10</alignment>
         <input_file_ref idref="fl-1"/>
      </object_component>
      <object_component id="oc-1b7">
         <name>.text.SysCtl_selectXTAL</name>
         <load_address>0x20105050</load_address>
         <readonly>true</readonly>
         <executable>true</executable>
         <run_address>0x20105050</run_address>
         <size>0x1fa</size>
         <alignment>0x10</alignment>
         <input_file_ref idref="fl-24"/>
      </object_component>
      <object_component id="oc-142">
         <name>.text.INT_UI_UART_ISR</name>
         <load_address>0x20105250</load_address>
         <readonly>true</readonly>
         <executable>true</executable>
         <run_address>0x20105250</run_address>
         <size>0x1d8</size>
         <alignment>0x10</alignment>
         <input_file_ref idref="fl-8"/>
      </object_component>
      <object_component id="oc-170">
         <name>.text.ADC_setMode</name>
         <load_address>0x20105430</load_address>
         <readonly>true</readonly>
         <executable>true</executable>
         <run_address>0x20105430</run_address>
         <size>0x1d4</size>
         <alignment>0x10</alignment>
         <input_file_ref idref="fl-1c"/>
      </object_component>
      <object_component id="oc-1bd">
         <name>.text.ErrorAggregator_getCpuErrorInfo</name>
         <load_address>0x20105610</load_address>
         <readonly>true</readonly>
         <executable>true</executable>
         <run_address>0x20105610</run_address>
         <size>0x1b8</size>
         <alignment>0x10</alignment>
         <input_file_ref idref="fl-27"/>
      </object_component>
      <object_component id="oc-13b">
         <name>.text.INT_ADC_SAMPLE_1_ISR</name>
         <load_address>0x201057d0</load_address>
         <readonly>true</readonly>
         <executable>true</executable>
         <run_address>0x201057d0</run_address>
         <size>0x1aa</size>
         <alignment>0x10</alignment>
         <input_file_ref idref="fl-7"/>
      </object_component>
      <object_component id="oc-e7">
         <name>.text.link2.ERAD_configCounterInStartStopMode</name>
         <load_address>0x20105980</load_address>
         <readonly>true</readonly>
         <executable>true</executable>
         <run_address>0x20105980</run_address>
         <size>0x1aa</size>
         <alignment>0x10</alignment>
         <input_file_ref idref="fl-21"/>
      </object_component>
      <object_component id="oc-199">
         <name>.text.UART_setFIFOLevel</name>
         <load_address>0x20105b30</load_address>
         <readonly>true</readonly>
         <executable>true</executable>
         <run_address>0x20105b30</run_address>
         <size>0x1a2</size>
         <alignment>0x10</alignment>
         <input_file_ref idref="fl-1"/>
      </object_component>
      <object_component id="oc-1b8">
         <name>.text.SysCtl_selectXTALSingleEnded</name>
         <load_address>0x20105ce0</load_address>
         <readonly>true</readonly>
         <executable>true</executable>
         <run_address>0x20105ce0</run_address>
         <size>0x194</size>
         <alignment>0x10</alignment>
         <input_file_ref idref="fl-24"/>
      </object_component>
      <object_component id="oc-10a">
         <name>.text.link2.GPIO_setPadConfig</name>
         <load_address>0x20105e80</load_address>
         <readonly>true</readonly>
         <executable>true</executable>
         <run_address>0x20105e80</run_address>
         <size>0x17e</size>
         <alignment>0x10</alignment>
         <input_file_ref idref="fl-22"/>
      </object_component>
      <object_component id="oc-1ec">
         <name>.text.LINK_F_100</name>
         <load_address>0x20106000</load_address>
         <readonly>true</readonly>
         <executable>true</executable>
         <run_address>0x20106000</run_address>
         <size>0x16e</size>
         <alignment>0x10</alignment>
         <input_file_ref idref="fl-9"/>
      </object_component>
      <object_component id="oc-124">
         <name>.text.EPWM_setCounterCompareShadowLoadMode</name>
         <load_address>0x20106170</load_address>
         <readonly>true</readonly>
         <executable>true</executable>
         <run_address>0x20106170</run_address>
         <size>0x160</size>
         <alignment>0x10</alignment>
         <input_file_ref idref="fl-1"/>
      </object_component>
      <object_component id="oc-161">
         <name>.text.SysCtl_selectOscSource</name>
         <load_address>0x201062d0</load_address>
         <readonly>true</readonly>
         <executable>true</executable>
         <run_address>0x201062d0</run_address>
         <size>0x15c</size>
         <alignment>0x10</alignment>
         <input_file_ref idref="fl-24"/>
      </object_component>
      <object_component id="oc-125">
         <name>.text.EPWM_setActionQualifierAction</name>
         <load_address>0x20106430</load_address>
         <readonly>true</readonly>
         <executable>true</executable>
         <run_address>0x20106430</run_address>
         <size>0x152</size>
         <alignment>0x10</alignment>
         <input_file_ref idref="fl-1"/>
      </object_component>
      <object_component id="oc-fa">
         <name>.text.SysCtl_getClock</name>
         <load_address>0x20106590</load_address>
         <readonly>true</readonly>
         <executable>true</executable>
         <run_address>0x20106590</run_address>
         <size>0x152</size>
         <alignment>0x10</alignment>
         <input_file_ref idref="fl-24"/>
      </object_component>
      <object_component id="oc-17c">
         <name>.text.ADC_setupSOC</name>
         <load_address>0x201066f0</load_address>
         <readonly>true</readonly>
         <executable>true</executable>
         <run_address>0x201066f0</run_address>
         <size>0x150</size>
         <alignment>0x10</alignment>
         <input_file_ref idref="fl-1"/>
      </object_component>
      <object_component id="oc-1c3">
         <name>.text.ErrorAggregator_getRtdmaErrorInfo</name>
         <load_address>0x20106840</load_address>
         <readonly>true</readonly>
         <executable>true</executable>
         <run_address>0x20106840</run_address>
         <size>0x150</size>
         <alignment>0x10</alignment>
         <input_file_ref idref="fl-27"/>
      </object_component>
      <object_component id="oc-1cd">
         <name>.text.ADC_setINLTrim</name>
         <load_address>0x20106990</load_address>
         <readonly>true</readonly>
         <executable>true</executable>
         <run_address>0x20106990</run_address>
         <size>0x14e</size>
         <alignment>0x10</alignment>
         <input_file_ref idref="fl-1c"/>
      </object_component>
      <object_component id="oc-12c">
         <name>.text.EPWM_setADCTriggerEventPrescale</name>
         <load_address>0x20106ae0</load_address>
         <readonly>true</readonly>
         <executable>true</executable>
         <run_address>0x20106ae0</run_address>
         <size>0x146</size>
         <alignment>0x10</alignment>
         <input_file_ref idref="fl-1"/>
      </object_component>
      <object_component id="oc-10f">
         <name>.text.link2.SysCtl_disableDebugHaltForPeripheral</name>
         <load_address>0x20106c30</load_address>
         <readonly>true</readonly>
         <executable>true</executable>
         <run_address>0x20106c30</run_address>
         <size>0x13a</size>
         <alignment>0x10</alignment>
         <input_file_ref idref="fl-1"/>
      </object_component>
      <object_component id="oc-10e">
         <name>.text.link2.SysCtl_disableStandbyForPeripheral</name>
         <load_address>0x20106d70</load_address>
         <readonly>true</readonly>
         <executable>true</executable>
         <run_address>0x20106d70</run_address>
         <size>0x13a</size>
         <alignment>0x10</alignment>
         <input_file_ref idref="fl-1"/>
      </object_component>
      <object_component id="oc-ee">
         <name>.text.ESM_setInterruptPriorityLevel</name>
         <load_address>0x20106eb0</load_address>
         <readonly>true</readonly>
         <executable>true</executable>
         <run_address>0x20106eb0</run_address>
         <size>0x138</size>
         <alignment>0x10</alignment>
         <input_file_ref idref="fl-2"/>
      </object_component>
      <object_component id="oc-140">
         <name>.text.INT_Timer_1ms_ISR</name>
         <load_address>0x20106ff0</load_address>
         <readonly>true</readonly>
         <executable>true</executable>
         <run_address>0x20106ff0</run_address>
         <size>0x130</size>
         <alignment>0x10</alignment>
         <input_file_ref idref="fl-7"/>
      </object_component>
      <object_component id="oc-103">
         <name>.text.link2.GPIO_setAnalogMode</name>
         <load_address>0x20107120</load_address>
         <readonly>true</readonly>
         <executable>true</executable>
         <run_address>0x20107120</run_address>
         <size>0x130</size>
         <alignment>0x10</alignment>
         <input_file_ref idref="fl-22"/>
      </object_component>
      <object_component id="oc-168">
         <name>.text.link2.Interrupt_clearEsmEaFlags</name>
         <load_address>0x20107250</load_address>
         <readonly>true</readonly>
         <executable>true</executable>
         <run_address>0x20107250</run_address>
         <size>0x120</size>
         <alignment>0x10</alignment>
         <input_file_ref idref="fl-23"/>
      </object_component>
      <object_component id="oc-238">
         <name>.text.atoi</name>
         <load_address>0x20107370</load_address>
         <readonly>true</readonly>
         <executable>true</executable>
         <run_address>0x20107370</run_address>
         <size>0x11c</size>
         <alignment>0x10</alignment>
         <input_file_ref idref="fl-5b"/>
      </object_component>
      <object_component id="oc-1ee">
         <name>.text.LINK_F_102</name>
         <load_address>0x20107490</load_address>
         <readonly>true</readonly>
         <executable>true</executable>
         <run_address>0x20107490</run_address>
         <size>0x118</size>
         <alignment>0x10</alignment>
         <input_file_ref idref="fl-9"/>
      </object_component>
      <object_component id="oc-1ef">
         <name>.text.LINK_F_103</name>
         <load_address>0x201075b0</load_address>
         <readonly>true</readonly>
         <executable>true</executable>
         <run_address>0x201075b0</run_address>
         <size>0x118</size>
         <alignment>0x10</alignment>
         <input_file_ref idref="fl-9"/>
      </object_component>
      <object_component id="oc-17d">
         <name>.text.ADC_setInterruptSOCTrigger</name>
         <load_address>0x201076d0</load_address>
         <readonly>true</readonly>
         <executable>true</executable>
         <run_address>0x201076d0</run_address>
         <size>0x112</size>
         <alignment>0x10</alignment>
         <input_file_ref idref="fl-1"/>
      </object_component>
      <object_component id="oc-16e">
         <name>.text.GPIO_setDirectionMode</name>
         <load_address>0x201077f0</load_address>
         <readonly>true</readonly>
         <executable>true</executable>
         <run_address>0x201077f0</run_address>
         <size>0x10c</size>
         <alignment>0x10</alignment>
         <input_file_ref idref="fl-22"/>
      </object_component>
      <object_component id="oc-16d">
         <name>.text.link2.GPIO_setControllerCore</name>
         <load_address>0x20107900</load_address>
         <readonly>true</readonly>
         <executable>true</executable>
         <run_address>0x20107900</run_address>
         <size>0x10c</size>
         <alignment>0x10</alignment>
         <input_file_ref idref="fl-22"/>
      </object_component>
      <object_component id="oc-10b">
         <name>.text.link2.GPIO_setQualificationMode</name>
         <load_address>0x20107a10</load_address>
         <readonly>true</readonly>
         <executable>true</executable>
         <run_address>0x20107a10</run_address>
         <size>0x10c</size>
         <alignment>0x10</alignment>
         <input_file_ref idref="fl-22"/>
      </object_component>
      <object_component id="oc-a5">
         <name>.text.Device_errataWorkaroundNMIVectorFetch</name>
         <load_address>0x20107b20</load_address>
         <readonly>true</readonly>
         <executable>true</executable>
         <run_address>0x20107b20</run_address>
         <size>0x10a</size>
         <alignment>0x10</alignment>
         <input_file_ref idref="fl-2"/>
      </object_component>
      <object_component id="oc-136">
         <name>.text.EPWM_setInterruptEventCount</name>
         <load_address>0x20107c30</load_address>
         <readonly>true</readonly>
         <executable>true</executable>
         <run_address>0x20107c30</run_address>
         <size>0x106</size>
         <alignment>0x10</alignment>
         <input_file_ref idref="fl-1"/>
      </object_component>
      <object_component id="oc-223">
         <name>.text.hex8_from_u32_be</name>
         <load_address>0x20107d40</load_address>
         <readonly>true</readonly>
         <executable>true</executable>
         <run_address>0x20107d40</run_address>
         <size>0x102</size>
         <alignment>0x10</alignment>
         <input_file_ref idref="fl-8"/>
      </object_component>
      <object_component id="oc-17e">
         <name>.text.ADC_setInterruptSource</name>
         <load_address>0x20107e50</load_address>
         <readonly>true</readonly>
         <executable>true</executable>
         <run_address>0x20107e50</run_address>
         <size>0xfc</size>
         <alignment>0x10</alignment>
         <input_file_ref idref="fl-1"/>
      </object_component>
      <object_component id="oc-19f">
         <name>.text.ADC_readResult</name>
         <load_address>0x20107f50</load_address>
         <readonly>true</readonly>
         <executable>true</executable>
         <run_address>0x20107f50</run_address>
         <size>0xfa</size>
         <alignment>0x10</alignment>
         <input_file_ref idref="fl-7"/>
      </object_component>
      <object_component id="oc-20f">
         <name>.text.EPWM_getCounterCompareValue</name>
         <load_address>0x20108050</load_address>
         <readonly>true</readonly>
         <executable>true</executable>
         <run_address>0x20108050</run_address>
         <size>0xfa</size>
         <alignment>0x10</alignment>
         <input_file_ref idref="fl-9"/>
      </object_component>
      <object_component id="oc-20c">
         <name>.text.EPWM_setCounterCompareValue</name>
         <load_address>0x20108150</load_address>
         <readonly>true</readonly>
         <executable>true</executable>
         <run_address>0x20108150</run_address>
         <size>0xfa</size>
         <alignment>0x10</alignment>
         <input_file_ref idref="fl-9"/>
      </object_component>
      <object_component id="oc-123">
         <name>.text.EPWM_setCounterCompareValue</name>
         <load_address>0x20108250</load_address>
         <readonly>true</readonly>
         <executable>true</executable>
         <run_address>0x20108250</run_address>
         <size>0xfa</size>
         <alignment>0x10</alignment>
         <input_file_ref idref="fl-1"/>
      </object_component>
      <object_component id="oc-1a3">
         <name>.text.EPWM_setCounterCompareValue</name>
         <load_address>0x20108350</load_address>
         <readonly>true</readonly>
         <executable>true</executable>
         <run_address>0x20108350</run_address>
         <size>0xfa</size>
         <alignment>0x10</alignment>
         <input_file_ref idref="fl-7"/>
      </object_component>
      <object_component id="oc-bd">
         <name>.text.INTERRUPT_init</name>
         <load_address>0x20108450</load_address>
         <readonly>true</readonly>
         <executable>true</executable>
         <run_address>0x20108450</run_address>
         <size>0xf2</size>
         <alignment>0x10</alignment>
         <input_file_ref idref="fl-1"/>
      </object_component>
      <object_component id="oc-1e9">
         <name>.text.parse_uint_dec</name>
         <load_address>0x20108550</load_address>
         <readonly>true</readonly>
         <executable>true</executable>
         <run_address>0x20108550</run_address>
         <size>0xf2</size>
         <alignment>0x10</alignment>
         <input_file_ref idref="fl-8"/>
      </object_component>
      <object_component id="oc-11b">
         <name>.text.ADC_SAMPLE_init</name>
         <load_address>0x20108650</load_address>
         <readonly>true</readonly>
         <executable>true</executable>
         <run_address>0x20108650</run_address>
         <size>0xec</size>
         <alignment>0x10</alignment>
         <input_file_ref idref="fl-1"/>
      </object_component>
      <object_component id="oc-1aa">
         <name>.text.UART_writeCharArray</name>
         <load_address>0x20108740</load_address>
         <readonly>true</readonly>
         <executable>true</executable>
         <run_address>0x20108740</run_address>
         <size>0xea</size>
         <alignment>0x10</alignment>
         <input_file_ref idref="fl-25"/>
      </object_component>
      <object_component id="oc-32">
         <name>.text.memcpy</name>
         <load_address>0x20108830</load_address>
         <readonly>true</readonly>
         <executable>true</executable>
         <run_address>0x20108830</run_address>
         <size>0xea</size>
         <alignment>0x10</alignment>
         <input_file_ref idref="fl-45"/>
      </object_component>
      <object_component id="oc-1c5">
         <name>.text.ErrorAggregator_getEthercatErrorInfo</name>
         <load_address>0x20108920</load_address>
         <readonly>true</readonly>
         <executable>true</executable>
         <run_address>0x20108920</run_address>
         <size>0xe8</size>
         <alignment>0x10</alignment>
         <input_file_ref idref="fl-27"/>
      </object_component>
      <object_component id="oc-1c4">
         <name>.text.ErrorAggregator_getSsuErrorInfo</name>
         <load_address>0x20108a10</load_address>
         <readonly>true</readonly>
         <executable>true</executable>
         <run_address>0x20108a10</run_address>
         <size>0xe8</size>
         <alignment>0x10</alignment>
         <input_file_ref idref="fl-27"/>
      </object_component>
      <object_component id="oc-180">
         <name>.text.ADC_enableContinuousMode</name>
         <load_address>0x20108b00</load_address>
         <readonly>true</readonly>
         <executable>true</executable>
         <run_address>0x20108b00</run_address>
         <size>0xe4</size>
         <alignment>0x10</alignment>
         <input_file_ref idref="fl-1"/>
      </object_component>
      <object_component id="oc-181">
         <name>.text.ADC_enableInterrupt</name>
         <load_address>0x20108bf0</load_address>
         <readonly>true</readonly>
         <executable>true</executable>
         <run_address>0x20108bf0</run_address>
         <size>0xe4</size>
         <alignment>0x10</alignment>
         <input_file_ref idref="fl-1"/>
      </object_component>
      <object_component id="oc-187">
         <name>.text.CPUTimer_setPeriod</name>
         <load_address>0x20108ce0</load_address>
         <readonly>true</readonly>
         <executable>true</executable>
         <run_address>0x20108ce0</run_address>
         <size>0xe2</size>
         <alignment>0x10</alignment>
         <input_file_ref idref="fl-1"/>
      </object_component>
      <object_component id="oc-13c">
         <name>.text.Interrupt_register</name>
         <load_address>0x20108dd0</load_address>
         <readonly>true</readonly>
         <executable>true</executable>
         <run_address>0x20108dd0</run_address>
         <size>0xe0</size>
         <alignment>0x10</alignment>
         <input_file_ref idref="fl-1"/>
      </object_component>
      <object_component id="oc-1c6">
         <name>.text.ErrorAggregator_clearCpuError</name>
         <load_address>0x20108eb0</load_address>
         <readonly>true</readonly>
         <executable>true</executable>
         <run_address>0x20108eb0</run_address>
         <size>0xde</size>
         <alignment>0x10</alignment>
         <input_file_ref idref="fl-27"/>
      </object_component>
      <object_component id="oc-b0">
         <name>.text.PinMux_init</name>
         <load_address>0x20108f90</load_address>
         <readonly>true</readonly>
         <executable>true</executable>
         <run_address>0x20108f90</run_address>
         <size>0xdc</size>
         <alignment>0x10</alignment>
         <input_file_ref idref="fl-1"/>
      </object_component>
      <object_component id="oc-12a">
         <name>.text.EPWM_enableADCTrigger</name>
         <load_address>0x20109070</load_address>
         <readonly>true</readonly>
         <executable>true</executable>
         <run_address>0x20109070</run_address>
         <size>0xda</size>
         <alignment>0x10</alignment>
         <input_file_ref idref="fl-1"/>
      </object_component>
      <object_component id="oc-18b">
         <name>.text.CPUTimer_startTimer</name>
         <load_address>0x20109150</load_address>
         <readonly>true</readonly>
         <executable>true</executable>
         <run_address>0x20109150</run_address>
         <size>0xd8</size>
         <alignment>0x10</alignment>
         <input_file_ref idref="fl-1"/>
      </object_component>
      <object_component id="oc-1ea">
         <name>.text.is_hex8</name>
         <load_address>0x20109230</load_address>
         <readonly>true</readonly>
         <executable>true</executable>
         <run_address>0x20109230</run_address>
         <size>0xd8</size>
         <alignment>0x10</alignment>
         <input_file_ref idref="fl-8"/>
      </object_component>
      <object_component id="oc-ef">
         <name>.text.ESM_enableInterrupt</name>
         <load_address>0x20109310</load_address>
         <readonly>true</readonly>
         <executable>true</executable>
         <run_address>0x20109310</run_address>
         <size>0xd4</size>
         <alignment>0x10</alignment>
         <input_file_ref idref="fl-2"/>
      </object_component>
      <object_component id="oc-1c7">
         <name>.text.ErrorAggregator_clearRtdmaError</name>
         <load_address>0x201093f0</load_address>
         <readonly>true</readonly>
         <executable>true</executable>
         <run_address>0x201093f0</run_address>
         <size>0xd2</size>
         <alignment>0x10</alignment>
         <input_file_ref idref="fl-27"/>
      </object_component>
      <object_component id="oc-11d">
         <name>.text.EPWM_setClockPrescaler</name>
         <load_address>0x201094d0</load_address>
         <readonly>true</readonly>
         <executable>true</executable>
         <run_address>0x201094d0</run_address>
         <size>0xce</size>
         <alignment>0x10</alignment>
         <input_file_ref idref="fl-1"/>
      </object_component>
      <object_component id="oc-5b">
         <name>.text.set_secsp</name>
         <load_address>0x201095a0</load_address>
         <readonly>true</readonly>
         <executable>true</executable>
         <run_address>0x201095a0</run_address>
         <size>0xcc</size>
         <alignment>0x10</alignment>
         <input_file_ref idref="fl-4d"/>
      </object_component>
      <object_component id="oc-1a0">
         <name>.text.GPIO_togglePin</name>
         <load_address>0x20109670</load_address>
         <readonly>true</readonly>
         <executable>true</executable>
         <run_address>0x20109670</run_address>
         <size>0xca</size>
         <alignment>0x10</alignment>
         <input_file_ref idref="fl-7"/>
      </object_component>
      <object_component id="oc-188">
         <name>.text.CPUTimer_enableInterrupt</name>
         <load_address>0x20109740</load_address>
         <readonly>true</readonly>
         <executable>true</executable>
         <run_address>0x20109740</run_address>
         <size>0xc4</size>
         <alignment>0x10</alignment>
         <input_file_ref idref="fl-1"/>
      </object_component>
      <object_component id="oc-18a">
         <name>.text.CPUTimer_reloadTimerCounter</name>
         <load_address>0x20109810</load_address>
         <readonly>true</readonly>
         <executable>true</executable>
         <run_address>0x20109810</run_address>
         <size>0xc4</size>
         <alignment>0x10</alignment>
         <input_file_ref idref="fl-1"/>
      </object_component>
      <object_component id="oc-189">
         <name>.text.CPUTimer_stopTimer</name>
         <load_address>0x201098e0</load_address>
         <readonly>true</readonly>
         <executable>true</executable>
         <run_address>0x201098e0</run_address>
         <size>0xc4</size>
         <alignment>0x10</alignment>
         <input_file_ref idref="fl-1"/>
      </object_component>
      <object_component id="oc-186">
         <name>.text.CPUTimer_setPreScaler</name>
         <load_address>0x201099b0</load_address>
         <readonly>true</readonly>
         <executable>true</executable>
         <run_address>0x201099b0</run_address>
         <size>0xc2</size>
         <alignment>0x10</alignment>
         <input_file_ref idref="fl-1"/>
      </object_component>
      <object_component id="oc-128">
         <name>.text.EPWM_setFallingEdgeDelayCountShadowLoadMode</name>
         <load_address>0x20109a80</load_address>
         <readonly>true</readonly>
         <executable>true</executable>
         <run_address>0x20109a80</run_address>
         <size>0xc2</size>
         <alignment>0x10</alignment>
         <input_file_ref idref="fl-1"/>
      </object_component>
      <object_component id="oc-126">
         <name>.text.EPWM_setRisingEdgeDelayCountShadowLoadMode</name>
         <load_address>0x20109b50</load_address>
         <readonly>true</readonly>
         <executable>true</executable>
         <run_address>0x20109b50</run_address>
         <size>0xc2</size>
         <alignment>0x10</alignment>
         <input_file_ref idref="fl-1"/>
      </object_component>
      <object_component id="oc-133">
         <name>.text.EPWM_setSyncInPulseSource</name>
         <load_address>0x20109c20</load_address>
         <readonly>true</readonly>
         <executable>true</executable>
         <run_address>0x20109c20</run_address>
         <size>0xc2</size>
         <alignment>0x10</alignment>
         <input_file_ref idref="fl-1"/>
      </object_component>
      <object_component id="oc-1a7">
         <name>.text.UART_readChar</name>
         <load_address>0x20109cf0</load_address>
         <readonly>true</readonly>
         <executable>true</executable>
         <run_address>0x20109cf0</run_address>
         <size>0xc2</size>
         <alignment>0x10</alignment>
         <input_file_ref idref="fl-8"/>
      </object_component>
      <object_component id="oc-182">
         <name>.text.CPUTimer_setEmulationMode</name>
         <load_address>0x20109dc0</load_address>
         <readonly>true</readonly>
         <executable>true</executable>
         <run_address>0x20109dc0</run_address>
         <size>0xbe</size>
         <alignment>0x10</alignment>
         <input_file_ref idref="fl-1e"/>
      </object_component>
      <object_component id="oc-1e7">
         <name>.text.UART_isBaseValid</name>
         <load_address>0x20109e80</load_address>
         <readonly>true</readonly>
         <executable>true</executable>
         <run_address>0x20109e80</run_address>
         <size>0xbc</size>
         <alignment>0x10</alignment>
         <input_file_ref idref="fl-8"/>
      </object_component>
      <object_component id="oc-1dc">
         <name>.text.UART_isBaseValid</name>
         <load_address>0x20109f40</load_address>
         <readonly>true</readonly>
         <executable>true</executable>
         <run_address>0x20109f40</run_address>
         <size>0xbc</size>
         <alignment>0x10</alignment>
         <input_file_ref idref="fl-1"/>
      </object_component>
      <object_component id="oc-176">
         <name>.text.ADC_setInterruptPulseMode</name>
         <load_address>0x2010a000</load_address>
         <readonly>true</readonly>
         <executable>true</executable>
         <run_address>0x2010a000</run_address>
         <size>0xba</size>
         <alignment>0x10</alignment>
         <input_file_ref idref="fl-1"/>
      </object_component>
      <object_component id="oc-16f">
         <name>.text.ADC_setPrescaler</name>
         <load_address>0x2010a0c0</load_address>
         <readonly>true</readonly>
         <executable>true</executable>
         <run_address>0x2010a0c0</run_address>
         <size>0xba</size>
         <alignment>0x10</alignment>
         <input_file_ref idref="fl-1"/>
      </object_component>
      <object_component id="oc-17b">
         <name>.text.ADC_setSOCPriority</name>
         <load_address>0x2010a180</load_address>
         <readonly>true</readonly>
         <executable>true</executable>
         <run_address>0x2010a180</run_address>
         <size>0xba</size>
         <alignment>0x10</alignment>
         <input_file_ref idref="fl-1"/>
      </object_component>
      <object_component id="oc-11e">
         <name>.text.EPWM_setTimeBaseCounterMode</name>
         <load_address>0x2010a240</load_address>
         <readonly>true</readonly>
         <executable>true</executable>
         <run_address>0x2010a240</run_address>
         <size>0xba</size>
         <alignment>0x10</alignment>
         <input_file_ref idref="fl-1"/>
      </object_component>
      <object_component id="oc-10d">
         <name>.text.link2.SysCtl_selectFrameForPeripheral</name>
         <load_address>0x2010a300</load_address>
         <readonly>true</readonly>
         <executable>true</executable>
         <run_address>0x2010a300</run_address>
         <size>0xba</size>
         <alignment>0x10</alignment>
         <input_file_ref idref="fl-1"/>
      </object_component>
      <object_component id="oc-129">
         <name>.text.EPWM_disableFallingEdgeDelayCountShadowLoadMode</name>
         <load_address>0x2010a3c0</load_address>
         <readonly>true</readonly>
         <executable>true</executable>
         <run_address>0x2010a3c0</run_address>
         <size>0xae</size>
         <alignment>0x10</alignment>
         <input_file_ref idref="fl-1"/>
      </object_component>
      <object_component id="oc-127">
         <name>.text.EPWM_disableRisingEdgeDelayCountShadowLoadMode</name>
         <load_address>0x2010a470</load_address>
         <readonly>true</readonly>
         <executable>true</executable>
         <run_address>0x2010a470</run_address>
         <size>0xae</size>
         <alignment>0x10</alignment>
         <input_file_ref idref="fl-1"/>
      </object_component>
      <object_component id="oc-19b">
         <name>.text.UART_enableInterrupt</name>
         <load_address>0x2010a520</load_address>
         <readonly>true</readonly>
         <executable>true</executable>
         <run_address>0x2010a520</run_address>
         <size>0xae</size>
         <alignment>0x10</alignment>
         <input_file_ref idref="fl-1"/>
      </object_component>
      <object_component id="oc-f9">
         <name>.text.link2.SysCtl_setMCANClock</name>
         <load_address>0x2010a5d0</load_address>
         <readonly>true</readonly>
         <executable>true</executable>
         <run_address>0x2010a5d0</run_address>
         <size>0xae</size>
         <alignment>0x10</alignment>
         <input_file_ref idref="fl-2"/>
      </object_component>
      <object_component id="oc-17f">
         <name>.text.ADC_clearInterruptStatus</name>
         <load_address>0x2010a680</load_address>
         <readonly>true</readonly>
         <executable>true</executable>
         <run_address>0x2010a680</run_address>
         <size>0xac</size>
         <alignment>0x10</alignment>
         <input_file_ref idref="fl-1"/>
      </object_component>
      <object_component id="oc-12d">
         <name>.text.EPWM_setEmulationMode</name>
         <load_address>0x2010a730</load_address>
         <readonly>true</readonly>
         <executable>true</executable>
         <run_address>0x2010a730</run_address>
         <size>0xac</size>
         <alignment>0x10</alignment>
         <input_file_ref idref="fl-20"/>
      </object_component>
      <object_component id="oc-179">
         <name>.text.ADC_disableAltDMATiming</name>
         <load_address>0x2010a7e0</load_address>
         <readonly>true</readonly>
         <executable>true</executable>
         <run_address>0x2010a7e0</run_address>
         <size>0xaa</size>
         <alignment>0x10</alignment>
         <input_file_ref idref="fl-1"/>
      </object_component>
      <object_component id="oc-17a">
         <name>.text.ADC_disableBurstMode</name>
         <load_address>0x2010a890</load_address>
         <readonly>true</readonly>
         <executable>true</executable>
         <run_address>0x2010a890</run_address>
         <size>0xaa</size>
         <alignment>0x10</alignment>
         <input_file_ref idref="fl-1"/>
      </object_component>
      <object_component id="oc-178">
         <name>.text.ADC_enableConverter</name>
         <load_address>0x2010a940</load_address>
         <readonly>true</readonly>
         <executable>true</executable>
         <run_address>0x2010a940</run_address>
         <size>0xaa</size>
         <alignment>0x10</alignment>
         <input_file_ref idref="fl-1"/>
      </object_component>
      <object_component id="oc-121">
         <name>.text.EPWM_disablePhaseShiftLoad</name>
         <load_address>0x2010a9f0</load_address>
         <readonly>true</readonly>
         <executable>true</executable>
         <run_address>0x2010a9f0</run_address>
         <size>0xaa</size>
         <alignment>0x10</alignment>
         <input_file_ref idref="fl-1"/>
      </object_component>
      <object_component id="oc-134">
         <name>.text.EPWM_enableInterrupt</name>
         <load_address>0x2010aaa0</load_address>
         <readonly>true</readonly>
         <executable>true</executable>
         <run_address>0x2010aaa0</run_address>
         <size>0xaa</size>
         <alignment>0x10</alignment>
         <input_file_ref idref="fl-1"/>
      </object_component>
      <object_component id="oc-13f">
         <name>.text.Interrupt_setContextID</name>
         <load_address>0x2010ab50</load_address>
         <readonly>true</readonly>
         <executable>true</executable>
         <run_address>0x2010ab50</run_address>
         <size>0xaa</size>
         <alignment>0x10</alignment>
         <input_file_ref idref="fl-1"/>
      </object_component>
      <object_component id="oc-13e">
         <name>.text.Interrupt_setPriority</name>
         <load_address>0x2010ac00</load_address>
         <readonly>true</readonly>
         <executable>true</executable>
         <run_address>0x2010ac00</run_address>
         <size>0xaa</size>
         <alignment>0x10</alignment>
         <input_file_ref idref="fl-1"/>
      </object_component>
      <object_component id="oc-13a">
         <name>.text.Interrupt_setRTINTSPWarning</name>
         <load_address>0x2010acb0</load_address>
         <readonly>true</readonly>
         <executable>true</executable>
         <run_address>0x2010acb0</run_address>
         <size>0xaa</size>
         <alignment>0x10</alignment>
         <input_file_ref idref="fl-1"/>
      </object_component>
      <object_component id="oc-163">
         <name>.text.SysCtl_pollSyncBusy</name>
         <load_address>0x2010ad60</load_address>
         <readonly>true</readonly>
         <executable>true</executable>
         <run_address>0x2010ad60</run_address>
         <size>0xaa</size>
         <alignment>0x10</alignment>
         <input_file_ref idref="fl-24"/>
      </object_component>
      <object_component id="oc-d7">
         <name>.text.SysCtl_pollSyncBusyWd</name>
         <load_address>0x2010ae10</load_address>
         <readonly>true</readonly>
         <executable>true</executable>
         <run_address>0x2010ae10</run_address>
         <size>0xaa</size>
         <alignment>0x10</alignment>
         <input_file_ref idref="fl-24"/>
      </object_component>
      <object_component id="oc-19c">
         <name>.text.UART_disableLoopback</name>
         <load_address>0x2010aec0</load_address>
         <readonly>true</readonly>
         <executable>true</executable>
         <run_address>0x2010aec0</run_address>
         <size>0xaa</size>
         <alignment>0x10</alignment>
         <input_file_ref idref="fl-1"/>
      </object_component>
      <object_component id="oc-198">
         <name>.text.UART_enableFIFO</name>
         <load_address>0x2010af70</load_address>
         <readonly>true</readonly>
         <executable>true</executable>
         <run_address>0x2010af70</run_address>
         <size>0xaa</size>
         <alignment>0x10</alignment>
         <input_file_ref idref="fl-1"/>
      </object_component>
      <object_component id="oc-19d">
         <name>.text.UART_enableModuleNonFIFO</name>
         <load_address>0x2010b020</load_address>
         <readonly>true</readonly>
         <executable>true</executable>
         <run_address>0x2010b020</run_address>
         <size>0xaa</size>
         <alignment>0x10</alignment>
         <input_file_ref idref="fl-1"/>
      </object_component>
      <object_component id="oc-1a4">
         <name>.text.EPWM_clearEventTriggerInterruptFlag</name>
         <load_address>0x2010b0d0</load_address>
         <readonly>true</readonly>
         <executable>true</executable>
         <run_address>0x2010b0d0</run_address>
         <size>0xa8</size>
         <alignment>0x10</alignment>
         <input_file_ref idref="fl-7"/>
      </object_component>
      <object_component id="oc-177">
         <name>.text.ADC_setInterruptCycleOffset</name>
         <load_address>0x2010b180</load_address>
         <readonly>true</readonly>
         <executable>true</executable>
         <run_address>0x2010b180</run_address>
         <size>0xa6</size>
         <alignment>0x10</alignment>
         <input_file_ref idref="fl-1"/>
      </object_component>
      <object_component id="oc-122">
         <name>.text.EPWM_setPhaseShift</name>
         <load_address>0x2010b230</load_address>
         <readonly>true</readonly>
         <executable>true</executable>
         <run_address>0x2010b230</run_address>
         <size>0xa6</size>
         <alignment>0x10</alignment>
         <input_file_ref idref="fl-1"/>
      </object_component>
      <object_component id="oc-120">
         <name>.text.EPWM_setTimeBaseCounter</name>
         <load_address>0x2010b2e0</load_address>
         <readonly>true</readonly>
         <executable>true</executable>
         <run_address>0x2010b2e0</run_address>
         <size>0xa6</size>
         <alignment>0x10</alignment>
         <input_file_ref idref="fl-1"/>
      </object_component>
      <object_component id="oc-20b">
         <name>.text.EPWM_setTimeBasePeriod</name>
         <load_address>0x2010b390</load_address>
         <readonly>true</readonly>
         <executable>true</executable>
         <run_address>0x2010b390</run_address>
         <size>0xa6</size>
         <alignment>0x10</alignment>
         <input_file_ref idref="fl-9"/>
      </object_component>
      <object_component id="oc-11f">
         <name>.text.EPWM_setTimeBasePeriod</name>
         <load_address>0x2010b440</load_address>
         <readonly>true</readonly>
         <executable>true</executable>
         <run_address>0x2010b440</run_address>
         <size>0xa6</size>
         <alignment>0x10</alignment>
         <input_file_ref idref="fl-1"/>
      </object_component>
      <object_component id="oc-1ab">
         <name>.text.LINK_Dispatch</name>
         <load_address>0x2010b4f0</load_address>
         <readonly>true</readonly>
         <executable>true</executable>
         <run_address>0x2010b4f0</run_address>
         <size>0xa6</size>
         <alignment>0x10</alignment>
         <input_file_ref idref="fl-9"/>
      </object_component>
      <object_component id="oc-19a">
         <name>.text.UART_clearInterruptStatus</name>
         <load_address>0x2010b5a0</load_address>
         <readonly>true</readonly>
         <executable>true</executable>
         <run_address>0x2010b5a0</run_address>
         <size>0xa6</size>
         <alignment>0x10</alignment>
         <input_file_ref idref="fl-1"/>
      </object_component>
      <object_component id="oc-13d">
         <name>.text.Interrupt_enable</name>
         <load_address>0x2010b650</load_address>
         <readonly>true</readonly>
         <executable>true</executable>
         <run_address>0x2010b650</run_address>
         <size>0xa4</size>
         <alignment>0x10</alignment>
         <input_file_ref idref="fl-1"/>
      </object_component>
      <object_component id="oc-de">
         <name>.text.ESM_enableGlobal</name>
         <load_address>0x2010b700</load_address>
         <readonly>true</readonly>
         <executable>true</executable>
         <run_address>0x2010b700</run_address>
         <size>0xa0</size>
         <alignment>0x10</alignment>
         <input_file_ref idref="fl-2"/>
      </object_component>
      <object_component id="oc-dd">
         <name>.text.ESM_triggerSoftReset</name>
         <load_address>0x2010b7a0</load_address>
         <readonly>true</readonly>
         <executable>true</executable>
         <run_address>0x2010b7a0</run_address>
         <size>0xa0</size>
         <alignment>0x10</alignment>
         <input_file_ref idref="fl-2"/>
      </object_component>
      <object_component id="oc-1b1">
         <name>.text.UART_clearGlobalInterruptFlag</name>
         <load_address>0x2010b840</load_address>
         <readonly>true</readonly>
         <executable>true</executable>
         <run_address>0x2010b840</run_address>
         <size>0xa0</size>
         <alignment>0x10</alignment>
         <input_file_ref idref="fl-8"/>
      </object_component>
      <object_component id="oc-1ca">
         <name>.text.ADC_isBaseValid</name>
         <load_address>0x2010b8e0</load_address>
         <readonly>true</readonly>
         <executable>true</executable>
         <run_address>0x2010b8e0</run_address>
         <size>0x9e</size>
         <alignment>0x10</alignment>
         <input_file_ref idref="fl-1"/>
      </object_component>
      <object_component id="oc-20d">
         <name>.text.EPWM_getTimeBasePeriod</name>
         <load_address>0x2010b980</load_address>
         <readonly>true</readonly>
         <executable>true</executable>
         <run_address>0x2010b980</run_address>
         <size>0x9e</size>
         <alignment>0x10</alignment>
         <input_file_ref idref="fl-9"/>
      </object_component>
      <object_component id="oc-1a1">
         <name>.text.EPWM_getTimeBasePeriod</name>
         <load_address>0x2010ba20</load_address>
         <readonly>true</readonly>
         <executable>true</executable>
         <run_address>0x2010ba20</run_address>
         <size>0x9e</size>
         <alignment>0x10</alignment>
         <input_file_ref idref="fl-7"/>
      </object_component>
      <object_component id="oc-15a">
         <name>.text.ESM_isBaseValid</name>
         <load_address>0x2010bac0</load_address>
         <readonly>true</readonly>
         <executable>true</executable>
         <run_address>0x2010bac0</run_address>
         <size>0x9e</size>
         <alignment>0x10</alignment>
         <input_file_ref idref="fl-2"/>
      </object_component>
      <object_component id="oc-1ed">
         <name>.text.LINK_F_101</name>
         <load_address>0x2010bb60</load_address>
         <readonly>true</readonly>
         <executable>true</executable>
         <run_address>0x2010bb60</run_address>
         <size>0x9a</size>
         <alignment>0x10</alignment>
         <input_file_ref idref="fl-9"/>
      </object_component>
      <object_component id="oc-1df">
         <name>.text.GPIO_isPinValid</name>
         <load_address>0x2010bc00</load_address>
         <readonly>true</readonly>
         <executable>true</executable>
         <run_address>0x2010bc00</run_address>
         <size>0x98</size>
         <alignment>0x10</alignment>
         <input_file_ref idref="fl-7"/>
      </object_component>
      <object_component id="oc-1c9">
         <name>.text.ErrorAggregator_clearEthercatError</name>
         <load_address>0x2010bca0</load_address>
         <readonly>true</readonly>
         <executable>true</executable>
         <run_address>0x2010bca0</run_address>
         <size>0x96</size>
         <alignment>0x10</alignment>
         <input_file_ref idref="fl-27"/>
      </object_component>
      <object_component id="oc-1c8">
         <name>.text.ErrorAggregator_clearSsuError</name>
         <load_address>0x2010bd40</load_address>
         <readonly>true</readonly>
         <executable>true</executable>
         <run_address>0x2010bd40</run_address>
         <size>0x96</size>
         <alignment>0x10</alignment>
         <input_file_ref idref="fl-27"/>
      </object_component>
      <object_component id="oc-1a2">
         <name>.text.TP_dds_process</name>
         <load_address>0x2010bde0</load_address>
         <readonly>true</readonly>
         <executable>true</executable>
         <run_address>0x2010bde0</run_address>
         <size>0x94</size>
         <alignment>0x10</alignment>
         <input_file_ref idref="fl-5"/>
      </object_component>
      <object_component id="oc-b1">
         <name>.text.PERCONFIG_init</name>
         <load_address>0x2010be80</load_address>
         <readonly>true</readonly>
         <executable>true</executable>
         <run_address>0x2010be80</run_address>
         <size>0x8c</size>
         <alignment>0x10</alignment>
         <input_file_ref idref="fl-1"/>
      </object_component>
      <object_component id="oc-1eb">
         <name>.text.is_hex4</name>
         <load_address>0x2010bf10</load_address>
         <readonly>true</readonly>
         <executable>true</executable>
         <run_address>0x2010bf10</run_address>
         <size>0x8a</size>
         <alignment>0x10</alignment>
         <input_file_ref idref="fl-8"/>
      </object_component>
      <object_component id="oc-a8">
         <name>.text.link2.Interrupt_initModule</name>
         <load_address>0x2010bfa0</load_address>
         <readonly>true</readonly>
         <executable>true</executable>
         <run_address>0x2010bfa0</run_address>
         <size>0x88</size>
         <alignment>0x10</alignment>
         <input_file_ref idref="fl-23"/>
      </object_component>
      <object_component id="oc-94">
         <name>.text:__TI_auto_init_nobinit_nopinit</name>
         <load_address>0x2010c030</load_address>
         <readonly>true</readonly>
         <executable>true</executable>
         <run_address>0x2010c030</run_address>
         <size>0x86</size>
         <alignment>0x10</alignment>
         <input_file_ref idref="fl-4e"/>
      </object_component>
      <object_component id="oc-246">
         <name>.text.__udivdi3</name>
         <load_address>0x2010c0c0</load_address>
         <readonly>true</readonly>
         <executable>true</executable>
         <run_address>0x2010c0c0</run_address>
         <size>0x84</size>
         <alignment>0x10</alignment>
         <input_file_ref idref="fl-7a"/>
      </object_component>
      <object_component id="oc-23c">
         <name>.text.wcslen</name>
         <load_address>0x2010c150</load_address>
         <readonly>true</readonly>
         <executable>true</executable>
         <run_address>0x2010c150</run_address>
         <size>0x78</size>
         <alignment>0x10</alignment>
         <input_file_ref idref="fl-61"/>
      </object_component>
      <object_component id="oc-137">
         <name>.text.UI_UART_init</name>
         <load_address>0x2010c1d0</load_address>
         <readonly>true</readonly>
         <executable>true</executable>
         <run_address>0x2010c1d0</run_address>
         <size>0x6e</size>
         <alignment>0x10</alignment>
         <input_file_ref idref="fl-1"/>
      </object_component>
      <object_component id="oc-85">
         <name>.text.TP_dds_init</name>
         <load_address>0x2010c240</load_address>
         <readonly>true</readonly>
         <executable>true</executable>
         <run_address>0x2010c240</run_address>
         <size>0x6c</size>
         <alignment>0x10</alignment>
         <input_file_ref idref="fl-5"/>
      </object_component>
      <object_component id="oc-109">
         <name>.text.link2.GPIO_setPinConfig</name>
         <load_address>0x2010c2b0</load_address>
         <readonly>true</readonly>
         <executable>true</executable>
         <run_address>0x2010c2b0</run_address>
         <size>0x6a</size>
         <alignment>0x10</alignment>
         <input_file_ref idref="fl-22"/>
      </object_component>
      <object_component id="oc-ad">
         <name>.text.link2.Interrupt_initVectorTable</name>
         <load_address>0x2010c320</load_address>
         <readonly>true</readonly>
         <executable>true</executable>
         <run_address>0x2010c320</run_address>
         <size>0x62</size>
         <alignment>0x10</alignment>
         <input_file_ref idref="fl-23"/>
      </object_component>
      <object_component id="oc-1f0">
         <name>.text.LINK_F_104</name>
         <load_address>0x2010c390</load_address>
         <readonly>true</readonly>
         <executable>true</executable>
         <run_address>0x2010c390</run_address>
         <size>0x5e</size>
         <alignment>0x10</alignment>
         <input_file_ref idref="fl-9"/>
      </object_component>
      <object_component id="oc-1b0">
         <name>.text.LINK_ErrToHex</name>
         <load_address>0x2010c3f0</load_address>
         <readonly>true</readonly>
         <executable>true</executable>
         <run_address>0x2010c3f0</run_address>
         <size>0x5a</size>
         <alignment>0x10</alignment>
         <input_file_ref idref="fl-8"/>
      </object_component>
      <object_component id="oc-11c">
         <name>.text.Timer_1ms_init</name>
         <load_address>0x2010c450</load_address>
         <readonly>true</readonly>
         <executable>true</executable>
         <run_address>0x2010c450</run_address>
         <size>0x5a</size>
         <alignment>0x10</alignment>
         <input_file_ref idref="fl-1"/>
      </object_component>
      <object_component id="oc-fb">
         <name>.text.SysCtl_enablePeripheral</name>
         <load_address>0x2010c4b0</load_address>
         <readonly>true</readonly>
         <executable>true</executable>
         <run_address>0x2010c4b0</run_address>
         <size>0x58</size>
[...]
         <name>Device_errataWorkaroundNMIVectorFetch</name>
         <value>0x20107b20</value>
         <object_component_ref idref="oc-a5"/>
      </symbol>
      <symbol id="sm-c8c">
         <name>CLOCK_init</name>
         <value>0x20103f10</value>
         <object_component_ref idref="oc-a6"/>
      </symbol>
      <symbol id="sm-c8d">
         <name>Device_enableAllPeripherals</name>
         <value>0x20102740</value>
         <object_component_ref idref="oc-a7"/>
      </symbol>
      <symbol id="sm-c8e">
         <name>__error__</name>
         <value>0x2010cea0</value>
         <object_component_ref idref="oc-f2"/>
      </symbol>
      <symbol id="sm-ce8">
         <name>TP_dds_init</name>
         <value>0x2010c240</value>
         <object_component_ref idref="oc-85"/>
      </symbol>
      <symbol id="sm-ce9">
         <name>TP_dds_setFreq</name>
         <value>0x2010cc00</value>
         <object_component_ref idref="oc-c0"/>
      </symbol>
      <symbol id="sm-cea">
         <name>TP_dds_setDC</name>
         <value>0x2010cbc0</value>
         <object_component_ref idref="oc-c1"/>
      </symbol>
      <symbol id="sm-ceb">
         <name>TP_dds_setMax</name>
         <value>0x2010cc40</value>
         <object_component_ref idref="oc-c2"/>
      </symbol>
      <symbol id="sm-cec">
         <name>TP_dds_setPhase</name>
         <value>0x2010c980</value>
         <object_component_ref idref="oc-c3"/>
      </symbol>
      <symbol id="sm-ced">
         <name>TP_dds_resetCount</name>
         <value>0x2010cf80</value>
         <object_component_ref idref="oc-212"/>
      </symbol>
      <symbol id="sm-cee">
         <name>TP_dds_process</name>
         <value>0x2010bde0</value>
         <object_component_ref idref="oc-1a2"/>
      </symbol>
      <symbol id="sm-cfa">
         <name>iq_sine_table</name>
         <value>0x200e2964</value>
         <object_component_ref idref="oc-1e3"/>
      </symbol>
      <symbol id="sm-dd7">
         <name>main</name>
         <value>0x201049d0</value>
         <object_component_ref idref="oc-61"/>
      </symbol>
      <symbol id="sm-dd8">
         <name>cpuTimer1ms_Struct</name>
         <value>0x200e2918</value>
         <object_component_ref idref="oc-80"/>
      </symbol>
      <symbol id="sm-dd9">
         <name>ADC_vars</name>
         <value>0x200e28e8</value>
         <object_component_ref idref="oc-81"/>
      </symbol>
      <symbol id="sm-dda">
         <name>vector_0</name>
         <value>0x200e2000</value>
         <object_component_ref idref="oc-82"/>
      </symbol>
      <symbol id="sm-ddb">
         <name>vector_1</name>
         <value>0x200e2400</value>
         <object_component_ref idref="oc-83"/>
      </symbol>
      <symbol id="sm-ddc">
         <name>EPWM_vars</name>
         <value>0x200e2880</value>
         <object_component_ref idref="oc-84"/>
      </symbol>
      <symbol id="sm-ddd">
         <name>INT_ADC_SAMPLE_1_ISR</name>
         <value>0x201057d0</value>
         <object_component_ref idref="oc-13b"/>
      </symbol>
      <symbol id="sm-dde">
         <name>INT_ePWM_OUT_ISR</name>
         <value>0x20104770</value>
         <object_component_ref idref="oc-141"/>
      </symbol>
      <symbol id="sm-ddf">
         <name>INT_Timer_1ms_ISR</name>
         <value>0x20106ff0</value>
         <object_component_ref idref="oc-140"/>
      </symbol>
      <symbol id="sm-eb2">
         <name>LINK_RxBufferPtr</name>
         <value>0x2010d0c0</value>
         <object_component_ref idref="oc-1a5"/>
      </symbol>
      <symbol id="sm-eb3">
         <name>s_rx_buf</name>
         <value>0x200e2800</value>
         <object_component_ref idref="oc-1e6"/>
      </symbol>
      <symbol id="sm-eb4">
         <name>LINK_RxBufferCapacity</name>
         <value>0x2010d0e0</value>
         <object_component_ref idref="oc-1a6"/>
      </symbol>
      <symbol id="sm-eb5">
         <name>LINK_HexToFloat</name>
         <value>0x2010c610</value>
         <object_component_ref idref="oc-211"/>
      </symbol>
      <symbol id="sm-eb6">
         <name>LINK_HexToInt</name>
         <value>0x2010c660</value>
         <object_component_ref idref="oc-20a"/>
      </symbol>
      <symbol id="sm-eb7">
         <name>LINK_FloatToHex</name>
         <value>0x2010cde0</value>
         <object_component_ref idref="oc-210"/>
      </symbol>
      <symbol id="sm-eb8">
         <name>LINK_IntToHex</name>
         <value>0x2010ce10</value>
         <object_component_ref idref="oc-20e"/>
      </symbol>
      <symbol id="sm-eb9">
         <name>LINK_ErrToHex</name>
         <value>0x2010c3f0</value>
         <object_component_ref idref="oc-1b0"/>
      </symbol>
      <symbol id="sm-eba">
         <name>LINK_ProcessFrame</name>
         <value>0x20103c20</value>
         <object_component_ref idref="oc-1a8"/>
      </symbol>
      <symbol id="sm-ebb">
         <name>INT_UI_UART_ISR</name>
         <value>0x20105250</value>
         <object_component_ref idref="oc-142"/>
      </symbol>
      <symbol id="sm-ebc">
         <name>tx_error</name>
         <value>0x200e3164</value>
         <object_component_ref idref="oc-1a9"/>
      </symbol>
      <symbol id="sm-f77">
         <name>LINK_Dispatch</name>
         <value>0x2010b4f0</value>
         <object_component_ref idref="oc-1ab"/>
      </symbol>
      <symbol id="sm-f78">
         <name>LINK_F_100</name>
         <value>0x20106000</value>
         <object_component_ref idref="oc-1ec"/>
      </symbol>
      <symbol id="sm-f79">
         <name>LINK_F_101</name>
         <value>0x2010bb60</value>
         <object_component_ref idref="oc-1ed"/>
      </symbol>
      <symbol id="sm-f7a">
         <name>LINK_F_102</name>
         <value>0x20107490</value>
         <object_component_ref idref="oc-1ee"/>
      </symbol>
      <symbol id="sm-f7b">
         <name>LINK_F_103</name>
         <value>0x201075b0</value>
         <object_component_ref idref="oc-1ef"/>
      </symbol>
      <symbol id="sm-f7c">
         <name>LINK_F_104</name>
         <value>0x2010c390</value>
         <object_component_ref idref="oc-1f0"/>
      </symbol>
      <symbol id="sm-f85">
         <name>code_start</name>
         <value>0x20100000</value>
         <object_component_ref idref="oc-22"/>
      </symbol>
      <symbol id="sm-1054">
         <name>ADC_setMode</name>
         <value>0x20105430</value>
         <object_component_ref idref="oc-170"/>
      </symbol>
      <symbol id="sm-1055">
         <name>ADC_setINLTrim</name>
         <value>0x20106990</value>
         <object_component_ref idref="oc-1cd"/>
      </symbol>
      <symbol id="sm-1149">
         <name>g_bootromStatus</name>
         <value>0x20000800</value>
         <object_component_ref idref="oc-11"/>
      </symbol>
      <symbol id="sm-114a">
         <name>g_socId</name>
         <value>0x20000980</value>
         <object_component_ref idref="oc-13"/>
      </symbol>
      <symbol id="sm-114b">
         <name>g_devcalData</name>
         <value>0x20000edc</value>
         <object_component_ref idref="oc-14"/>
      </symbol>
      <symbol id="sm-114c">
         <name>g_FPU64RFFTtwiddletable</name>
         <value>0x1000</value>
         <object_component_ref idref="oc-15"/>
      </symbol>
      <symbol id="sm-114d">
         <name>g_FPU64CFFTtwiddletable</name>
         <value>0x2fe0</value>
         <object_component_ref idref="oc-16"/>
      </symbol>
      <symbol id="sm-114e">
         <name>g_FPU32RFFTtwiddletable</name>
         <value>0x47e0</value>
         <object_component_ref idref="oc-17"/>
      </symbol>
      <symbol id="sm-114f">
         <name>g_FPU32CFFTtwiddletable</name>
         <value>0x57d0</value>
         <object_component_ref idref="oc-18"/>
      </symbol>
      <symbol id="sm-1170">
         <name>CPUTimer_setEmulationMode</name>
         <value>0x20109dc0</value>
         <object_component_ref idref="oc-182"/>
      </symbol>
      <symbol id="sm-1262">
         <name>EPWM_setEmulationMode</name>
         <value>0x2010a730</value>
         <object_component_ref idref="oc-12d"/>
      </symbol>
      <symbol id="sm-13f8">
         <name>ERAD_configCounterInStartStopMode</name>
         <value>0x20105980</value>
         <object_component_ref idref="oc-e7"/>
      </symbol>
      <symbol id="sm-14da">
         <name>GPIO_setDirectionMode</name>
         <value>0x201077f0</value>
         <object_component_ref idref="oc-16e"/>
      </symbol>
      <symbol id="sm-14db">
         <name>GPIO_setPadConfig</name>
         <value>0x20105e80</value>
         <object_component_ref idref="oc-10a"/>
      </symbol>
      <symbol id="sm-14dc">
         <name>GPIO_setQualificationMode</name>
         <value>0x20107a10</value>
         <object_component_ref idref="oc-10b"/>
      </symbol>
      <symbol id="sm-14dd">
         <name>GPIO_setControllerCore</name>
         <value>0x20107900</value>
         <object_component_ref idref="oc-16d"/>
      </symbol>
      <symbol id="sm-14de">
         <name>GPIO_setAnalogMode</name>
         <value>0x20107120</value>
         <object_component_ref idref="oc-103"/>
      </symbol>
      <symbol id="sm-14df">
         <name>GPIO_setPinConfig</name>
         <value>0x2010c2b0</value>
         <object_component_ref idref="oc-109"/>
      </symbol>
      <symbol id="sm-159c">
         <name>Interrupt_defaultHandler</name>
         <value>0x2010d0f0</value>
         <object_component_ref idref="oc-102"/>
      </symbol>
      <symbol id="sm-159d">
         <name>Interrupt_clearEsmEaFlags</name>
         <value>0x20107250</value>
         <object_component_ref idref="oc-168"/>
      </symbol>
      <symbol id="sm-159e">
         <name>Interrupt_defaultNMIHandler</name>
         <value>0x2010cd50</value>
         <object_component_ref idref="oc-101"/>
      </symbol>
      <symbol id="sm-159f">
         <name>Interrupt_initModule</name>
         <value>0x2010bfa0</value>
         <object_component_ref idref="oc-a8"/>
      </symbol>
      <symbol id="sm-15a0">
         <name>Interrupt_initVectorTable</name>
         <value>0x2010c320</value>
         <object_component_ref idref="oc-ad"/>
      </symbol>
      <symbol id="sm-1979">
         <name>SysCtl_delay</name>
         <value>0x2010d1a0</value>
         <object_component_ref idref="oc-110"/>
      </symbol>
      <symbol id="sm-197a">
         <name>SysCtl_pollSyncBusy</name>
         <value>0x2010ad60</value>
         <object_component_ref idref="oc-163"/>
      </symbol>
      <symbol id="sm-197b">
         <name>SysCtl_pollSyncBusyWd</name>
         <value>0x2010ae10</value>
         <object_component_ref idref="oc-d7"/>
      </symbol>
      <symbol id="sm-197c">
         <name>SysCtl_selectXTAL</name>
         <value>0x20105050</value>
         <object_component_ref idref="oc-1b7"/>
      </symbol>
      <symbol id="sm-197d">
         <name>SysCtl_selectXTALSingleEnded</name>
         <value>0x20105ce0</value>
         <object_component_ref idref="oc-1b8"/>
      </symbol>
      <symbol id="sm-197e">
         <name>SysCtl_selectOscSource</name>
         <value>0x201062d0</value>
         <object_component_ref idref="oc-161"/>
      </symbol>
      <symbol id="sm-197f">
         <name>SysCtl_isPLLValid</name>
         <value>0x20101a30</value>
         <object_component_ref idref="oc-162"/>
      </symbol>
      <symbol id="sm-1980">
         <name>SysCtl_getClock</name>
         <value>0x20106590</value>
         <object_component_ref idref="oc-fa"/>
      </symbol>
      <symbol id="sm-1981">
         <name>SysCtl_setClock</name>
         <value>0x20101250</value>
         <object_component_ref idref="oc-f0"/>
      </symbol>
      <symbol id="sm-19f0">
         <name>UART_setConfig</name>
         <value>0x20104c10</value>
         <object_component_ref idref="oc-192"/>
      </symbol>
      <symbol id="sm-19f1">
         <name>UART_writeCharArray</name>
         <value>0x20108740</value>
         <object_component_ref idref="oc-1aa"/>
      </symbol>
      <symbol id="sm-1f4a">
         <name>XBAR_selectEpwmXbarInputSource</name>
         <value>0x2010cb80</value>
         <object_component_ref idref="oc-df"/>
      </symbol>
      <symbol id="sm-1fd5">
         <name>ErrorAggregator_getCpuErrorInfo</name>
         <value>0x20105610</value>
         <object_component_ref idref="oc-1bd"/>
      </symbol>
      <symbol id="sm-1fd6">
         <name>ErrorAggregator_getRtdmaErrorInfo</name>
         <value>0x20106840</value>
         <object_component_ref idref="oc-1c3"/>
      </symbol>
      <symbol id="sm-1fd7">
         <name>ErrorAggregator_getSsuErrorInfo</name>
         <value>0x20108a10</value>
         <object_component_ref idref="oc-1c4"/>
      </symbol>
      <symbol id="sm-1fd8">
         <name>ErrorAggregator_getEthercatErrorInfo</name>
         <value>0x20108920</value>
         <object_component_ref idref="oc-1c5"/>
      </symbol>
      <symbol id="sm-1fd9">
         <name>ErrorAggregator_clearCpuError</name>
         <value>0x20108eb0</value>
         <object_component_ref idref="oc-1c6"/>
      </symbol>
      <symbol id="sm-1fda">
         <name>ErrorAggregator_clearRtdmaError</name>
         <value>0x201093f0</value>
         <object_component_ref idref="oc-1c7"/>
      </symbol>
      <symbol id="sm-1fdb">
         <name>ErrorAggregator_clearSsuError</name>
         <value>0x2010bd40</value>
         <object_component_ref idref="oc-1c8"/>
      </symbol>
      <symbol id="sm-1fdc">
         <name>ErrorAggregator_clearEthercatError</name>
         <value>0x2010bca0</value>
         <object_component_ref idref="oc-1c9"/>
      </symbol>
      <symbol id="sm-200d">
         <name>sprintf</name>
         <value>0x2010c7a0</value>
         <object_component_ref idref="oc-1f4"/>
      </symbol>
      <symbol id="sm-2023">
         <name>memcpy</name>
         <value>0x20108830</value>
         <object_component_ref idref="oc-32"/>
      </symbol>
      <symbol id="sm-2039">
         <name>abort</name>
         <value>0x2010d100</value>
         <object_component_ref idref="oc-8d"/>
      </symbol>
      <symbol id="sm-203a">
         <name>C$$EXIT</name>
         <value>0x2010d100</value>
         <object_component_ref idref="oc-8d"/>
      </symbol>
      <symbol id="sm-204d">
         <name>isdigit</name>
         <value>0x2010cfa0</value>
         <object_component_ref idref="oc-202"/>
      </symbol>
      <symbol id="sm-205e">
         <name>isxdigit</name>
         <value>0x2010cfc0</value>
         <object_component_ref idref="oc-206"/>
      </symbol>
      <symbol id="sm-20ff">
         <name>_sys_memory</name>
         <value>0x200e3178</value>
         <object_component_ref idref="oc-27"/>
      </symbol>
      <symbol id="sm-2115">
         <name>memset</name>
         <value>0x2010c750</value>
         <object_component_ref idref="oc-4d"/>
      </symbol>
      <symbol id="sm-2156">
         <name>__stack</name>
         <value>0x200e0000</value>
         <object_component_ref idref="oc-29"/>
      </symbol>
      <symbol id="sm-2157">
         <name>_c_int00_noargs</name>
         <value>0x2010c5c0</value>
         <object_component_ref idref="oc-55"/>
      </symbol>
      <symbol id="sm-2158">
         <name>__SECSP0_START</name>
         <value>0x200e2928</value>
         <object_component_ref idref="oc-6c"/>
      </symbol>
      <symbol id="sm-2159">
         <name>__SECSP1_START</name>
         <value>0x200e2930</value>
         <object_component_ref idref="oc-6d"/>
      </symbol>
      <symbol id="sm-215a">
         <name>__SECSP2_START</name>
         <value>0x200e2938</value>
         <object_component_ref idref="oc-6e"/>
      </symbol>
      <symbol id="sm-215b">
         <name>__SECSP3_START</name>
         <value>0x200e2940</value>
         <object_component_ref idref="oc-6f"/>
      </symbol>
      <symbol id="sm-215c">
         <name>__SECSP5_START</name>
         <value>0x200e2950</value>
         <object_component_ref idref="oc-70"/>
      </symbol>
      <symbol id="sm-215d">
         <name>__SECSP4_START</name>
         <value>0x200e2948</value>
         <object_component_ref idref="oc-71"/>
      </symbol>
      <symbol id="sm-215e">
         <name>__SECSP7_START</name>
         <value>0x200e2960</value>
         <object_component_ref idref="oc-72"/>
      </symbol>
      <symbol id="sm-215f">
         <name>__SECSP6_START</name>
         <value>0x200e2958</value>
         <object_component_ref idref="oc-73"/>
      </symbol>
      <symbol id="sm-21b9">
         <name>__TI_auto_init_nobinit_nopinit</name>
         <value>0x2010c030</value>
         <object_component_ref idref="oc-94"/>
      </symbol>
      <symbol id="sm-21c7">
         <name>_system_pre_init</name>
         <value>0x2010d110</value>
         <object_component_ref idref="oc-5d"/>
      </symbol>
      <symbol id="sm-21d4">
         <name>_system_post_cinit</name>
         <value>0x2010d190</value>
         <object_component_ref idref="oc-cd"/>
      </symbol>
      <symbol id="sm-2201">
         <name>__TI_zero_init</name>
         <value>0x2010cf40</value>
         <object_component_ref idref="oc-3f"/>
      </symbol>
      <symbol id="sm-221b">
         <name>__TI_decompress_none</name>
         <value>0x2010cfe0</value>
         <object_component_ref idref="oc-1d"/>
      </symbol>
      <symbol id="sm-224d">
         <name>__TI_decompress_lzss</name>
         <value>0x20102130</value>
         <object_component_ref idref="oc-19"/>
      </symbol>
      <symbol id="sm-24d4">
         <name>__TI_printfi_nofloat</name>
         <value>0x20100020</value>
         <object_component_ref idref="oc-22a"/>
      </symbol>
      <symbol id="sm-24f0">
         <name>atoi</name>
         <value>0x20107370</value>
         <object_component_ref idref="oc-238"/>
      </symbol>
      <symbol id="sm-24fa">
         <name>_ctypes_</name>
         <value>0x2010d7a0</value>
         <object_component_ref idref="oc-218"/>
      </symbol>
      <symbol id="sm-2517">
         <name>memccpy</name>
         <value>0x2010cac0</value>
         <object_component_ref idref="oc-231"/>
      </symbol>
      <symbol id="sm-2520">
         <name>errno</name>
         <value>0x200e292c</value>
         <object_component_ref idref="oc-240"/>
      </symbol>
      <symbol id="sm-2537">
         <name>wcslen</name>
         <value>0x2010c150</value>
         <object_component_ref idref="oc-23c"/>
      </symbol>
      <symbol id="sm-2560">
         <name>__divsf3</name>
         <value>0x2010cdb0</value>
         <object_component_ref idref="oc-147"/>
      </symbol>
      <symbol id="sm-2576">
         <name>__udivdi3</name>
         <value>0x2010c0c0</value>
         <object_component_ref idref="oc-246"/>
      </symbol>
      <symbol id="sm-258d">
         <name>__udivsi3</name>
         <value>0x2010ccc0</value>
         <object_component_ref idref="oc-164"/>
      </symbol>
      <symbol id="sm-2590">
         <name>__LINK2_AP_OVERRIDE</name>
         <value>0x0</value>
      </symbol>
      <symbol id="sm-2591">
         <name>__SECSP1</name>
         <value>0x0</value>
      </symbol>
      <symbol id="sm-2592">
         <name>__SECSP0</name>
         <value>0x0</value>
      </symbol>
      <symbol id="sm-2593">
         <name>__SECSP3</name>
         <value>0x0</value>
      </symbol>
      <symbol id="sm-2594">
         <name>__SECSP2</name>
         <value>0x0</value>
      </symbol>
      <symbol id="sm-2595">
         <name>__SECSP4</name>
         <value>0x0</value>
      </symbol>
      <symbol id="sm-2596">
         <name>__SECSP5</name>
         <value>0x0</value>
      </symbol>
      <symbol id="sm-2597">
         <name>__SECSP7</name>
         <value>0x0</value>
      </symbol>
      <symbol id="sm-2598">
         <name>__SECSP6</name>
         <value>0x0</value>
      </symbol>
   </symbol_table>
   <title>Link successful</title>
</link_info>
